Archive member included to satisfy reference by file (symbol)

/home/jiangkun/drone/ESL_V5/software_package/gcc-arm-none-eabi/bin/../lib/gcc/arm-none-eabi/5.4.1/../../../../arm-none-eabi/lib/armv6-m/libc_nano.a(lib_a-exit.o)
                              /home/jiangkun/drone/ESL_V5/software_package/gcc-arm-none-eabi/bin/../lib/gcc/arm-none-eabi/5.4.1/../../../../arm-none-eabi/lib/armv6-m/crt0.o (exit)
/home/jiangkun/drone/ESL_V5/software_package/gcc-arm-none-eabi/bin/../lib/gcc/arm-none-eabi/5.4.1/../../../../arm-none-eabi/lib/armv6-m/libc_nano.a(lib_a-impure.o)
                              /home/jiangkun/drone/ESL_V5/software_package/gcc-arm-none-eabi/bin/../lib/gcc/arm-none-eabi/5.4.1/../../../../arm-none-eabi/lib/armv6-m/libc_nano.a(lib_a-exit.o) (_global_impure_ptr)
/home/jiangkun/drone/ESL_V5/software_package/gcc-arm-none-eabi/bin/../lib/gcc/arm-none-eabi/5.4.1/../../../../arm-none-eabi/lib/armv6-m/libc_nano.a(lib_a-init.o)
                              /home/jiangkun/drone/ESL_V5/software_package/gcc-arm-none-eabi/bin/../lib/gcc/arm-none-eabi/5.4.1/../../../../arm-none-eabi/lib/armv6-m/crt0.o (__libc_init_array)
/home/jiangkun/drone/ESL_V5/software_package/gcc-arm-none-eabi/bin/../lib/gcc/arm-none-eabi/5.4.1/../../../../arm-none-eabi/lib/armv6-m/libc_nano.a(lib_a-memset.o)
                              /home/jiangkun/drone/ESL_V5/software_package/gcc-arm-none-eabi/bin/../lib/gcc/arm-none-eabi/5.4.1/../../../../arm-none-eabi/lib/armv6-m/crt0.o (memset)
/home/jiangkun/drone/ESL_V5/software_package/gcc-arm-none-eabi/bin/../lib/gcc/arm-none-eabi/5.4.1/../../../../arm-none-eabi/lib/armv6-m/libnosys.a(_exit.o)
                              /home/jiangkun/drone/ESL_V5/software_package/gcc-arm-none-eabi/bin/../lib/gcc/arm-none-eabi/5.4.1/../../../../arm-none-eabi/lib/armv6-m/libc_nano.a(lib_a-exit.o) (_exit)
/home/jiangkun/drone/ESL_V5/software_package/gcc-arm-none-eabi/bin/../lib/gcc/arm-none-eabi/5.4.1/../../../../arm-none-eabi/lib/armv6-m/libm.a(lib_a-s_fabs.o)
                              _build/inv_mpu.o (fabs)
/home/jiangkun/drone/ESL_V5/software_package/gcc-arm-none-eabi/bin/../lib/gcc/arm-none-eabi/5.4.1/../../../../arm-none-eabi/lib/armv6-m/libm.a(lib_a-w_asin.o)
                              _build/mpu_wrapper.o (asin)
/home/jiangkun/drone/ESL_V5/software_package/gcc-arm-none-eabi/bin/../lib/gcc/arm-none-eabi/5.4.1/../../../../arm-none-eabi/lib/armv6-m/libm.a(lib_a-w_atan2.o)
                              _build/mpu_wrapper.o (atan2)
/home/jiangkun/drone/ESL_V5/software_package/gcc-arm-none-eabi/bin/../lib/gcc/arm-none-eabi/5.4.1/../../../../arm-none-eabi/lib/armv6-m/libm.a(lib_a-e_asin.o)
                              /home/jiangkun/drone/ESL_V5/software_package/gcc-arm-none-eabi/bin/../lib/gcc/arm-none-eabi/5.4.1/../../../../arm-none-eabi/lib/armv6-m/libm.a(lib_a-w_asin.o) (__ieee754_asin)
/home/jiangkun/drone/ESL_V5/software_package/gcc-arm-none-eabi/bin/../lib/gcc/arm-none-eabi/5.4.1/../../../../arm-none-eabi/lib/armv6-m/libm.a(lib_a-e_atan2.o)
                              /home/jiangkun/drone/ESL_V5/software_package/gcc-arm-none-eabi/bin/../lib/gcc/arm-none-eabi/5.4.1/../../../../arm-none-eabi/lib/armv6-m/libm.a(lib_a-w_atan2.o) (__ieee754_atan2)
/home/jiangkun/drone/ESL_V5/software_package/gcc-arm-none-eabi/bin/../lib/gcc/arm-none-eabi/5.4.1/../../../../arm-none-eabi/lib/armv6-m/libm.a(lib_a-e_sqrt.o)
                              /home/jiangkun/drone/ESL_V5/software_package/gcc-arm-none-eabi/bin/../lib/gcc/arm-none-eabi/5.4.1/../../../../arm-none-eabi/lib/armv6-m/libm.a(lib_a-e_asin.o) (__ieee754_sqrt)
/home/jiangkun/drone/ESL_V5/software_package/gcc-arm-none-eabi/bin/../lib/gcc/arm-none-eabi/5.4.1/../../../../arm-none-eabi/lib/armv6-m/libm.a(lib_a-s_atan.o)
                              /home/jiangkun/drone/ESL_V5/software_package/gcc-arm-none-eabi/bin/../lib/gcc/arm-none-eabi/5.4.1/../../../../arm-none-eabi/lib/armv6-m/libm.a(lib_a-e_atan2.o) (atan)
/home/jiangkun/drone/ESL_V5/software_package/gcc-arm-none-eabi/bin/../lib/gcc/arm-none-eabi/5.4.1/../../../../arm-none-eabi/lib/armv6-m/libm.a(lib_a-s_lib_ver.o)
                              /home/jiangkun/drone/ESL_V5/software_package/gcc-arm-none-eabi/bin/../lib/gcc/arm-none-eabi/5.4.1/../../../../arm-none-eabi/lib/armv6-m/libm.a(lib_a-w_asin.o) (__fdlib_version)
/home/jiangkun/drone/ESL_V5/software_package/gcc-arm-none-eabi/bin/../lib/gcc/arm-none-eabi/5.4.1/../../../../arm-none-eabi/lib/armv6-m/libm.a(lib_a-s_matherr.o)
                              /home/jiangkun/drone/ESL_V5/software_package/gcc-arm-none-eabi/bin/../lib/gcc/arm-none-eabi/5.4.1/../../../../arm-none-eabi/lib/armv6-m/libm.a(lib_a-w_asin.o) (matherr)
/home/jiangkun/drone/ESL_V5/software_package/gcc-arm-none-eabi/bin/../lib/gcc/arm-none-eabi/5.4.1/../../../../arm-none-eabi/lib/armv6-m/libm.a(lib_a-s_nan.o)
[...]
Memory Configuration

Name             Origin             Length             Attributes
FLASH            0x00018000         0x00028000         xr
RAM              0x20002000         0x00002000         xrw
*default*        0x00000000         0xffffffff

Linker script and memory map

LOAD /home/jiangkun/drone/ESL_V5/software_package/gcc-arm-none-eabi/bin/../lib/gcc/arm-none-eabi/5.4.1/armv6-m/crti.o
LOAD /home/jiangkun/drone/ESL_V5/software_package/gcc-arm-none-eabi/bin/../lib/gcc/arm-none-eabi/5.4.1/armv6-m/crtbegin.o
LOAD /home/jiangkun/drone/ESL_V5/software_package/gcc-arm-none-eabi/bin/../lib/gcc/arm-none-eabi/5.4.1/../../../../arm-none-eabi/lib/armv6-m/crt0.o
LOAD /home/jiangkun/drone/ESL_V5/software_package/gcc-arm-none-eabi/bin/../lib/gcc/arm-none-eabi/5.4.1/../../../../arm-none-eabi/lib/armv6-m/libc_nano.a
LOAD /home/jiangkun/drone/ESL_V5/software_package/gcc-arm-none-eabi/bin/../lib/gcc/arm-none-eabi/5.4.1/../../../../arm-none-eabi/lib/armv6-m/libnosys.a
LOAD /home/jiangkun/drone/ESL_V5/software_package/gcc-arm-none-eabi/bin/../lib/gcc/arm-none-eabi/5.4.1/../../../../arm-none-eabi/lib/armv6-m/libm.a
LOAD _build/system_nrf51.o
LOAD _build/nrf_delay.o
LOAD _build/in4073.o
LOAD _build/protocol.o
LOAD _build/control.o
LOAD _build/gpio.o
LOAD _build/timers.o
LOAD _build/uart.o
LOAD _build/queue.o
LOAD _build/twi.o
LOAD _build/adc.o
LOAD _build/baro.o
LOAD _build/ble.o
LOAD _build/spi_flash.o
LOAD _build/inv_mpu.o
LOAD _build/inv_mpu_dmp_motion_driver.o
LOAD _build/ml.o
LOAD _build/mpu_wrapper.o
LOAD _build/app_error.o
LOAD _build/app_timer.o
LOAD _build/nrf_assert.o
LOAD _build/nrf_drv_common.o
LOAD _build/pstorage.o
LOAD _build/ble_advdata.o
LOAD _build/ble_advertising.o
LOAD _build/ble_conn_params.o
LOAD _build/ble_nus.o
LOAD _build/ble_srv_common.o
LOAD _build/softdevice_handler.o
LOAD _build/gcc_startup_nrf51.o
LOAD /home/jiangkun/drone/ESL_V5/software_package/gcc-arm-none-eabi/bin/../lib/gcc/arm-none-eabi/5.4.1/../../../../arm-none-eabi/lib/armv6-m/libm.a
START GROUP
LOAD /home/jiangkun/drone/ESL_V5/software_package/gcc-arm-none-eabi/bin/../lib/gcc/arm-none-eabi/5.4.1/armv6-m/libgcc.a
LOAD /home/jiangkun/drone/ESL_V5/software_package/gcc-arm-none-eabi/bin/../lib/gcc/arm-none-eabi/5.4.1/../../../../arm-none-eabi/lib/armv6-m/libc_nano.a
END GROUP
START GROUP
LOAD /home/jiangkun/drone/ESL_V5/software_package/gcc-arm-none-eabi/bin/../lib/gcc/arm-none-eabi/5.4.1/armv6-m/libgcc.a
LOAD /home/jiangkun/drone/ESL_V5/software_package/gcc-arm-none-eabi/bin/../lib/gcc/arm-none-eabi/5.4.1/../../../../arm-none-eabi/lib/armv6-m/libc_nano.a
END GROUP
LOAD /home/jiangkun/drone/ESL_V5/software_package/gcc-arm-none-eabi/bin/../lib/gcc/arm-none-eabi/5.4.1/armv6-m/crtend.o
LOAD /home/jiangkun/drone/ESL_V5/software_package/gcc-arm-none-eabi/bin/../lib/gcc/arm-none-eabi/5.4.1/armv6-m/crtn.o
START GROUP
LOAD /home/jiangkun/drone/ESL_V5/software_package/gcc-arm-none-eabi/bin/../lib/gcc/arm-none-eabi/5.4.1/armv6-m/libgcc.a
LOAD /home/jiangkun/drone/ESL_V5/software_package/gcc-arm-none-eabi/bin/../lib/gcc/arm-none-eabi/5.4.1/../../../../arm-none-eabi/lib/armv6-m/libc.a
LOAD /home/jiangkun/drone/ESL_V5/software_package/gcc-arm-none-eabi/bin/../lib/gcc/arm-none-eabi/5.4.1/../../../../arm-none-eabi/lib/armv6-m/libnosys.a
END GROUP

.fs_data_out    0x00000000        0x0
                [!provide]                PROVIDE (__start_fs_data, .)
 *(fs_data)
                [!provide]                PROVIDE (__stop_fs_data, .)

.text           0x00018000     0xae5c
 *(.Vectors)
 .Vectors       0x00018000       0xc0 _build/gcc_startup_nrf51.o
                0x00018000                __Vectors
 *(.text*)
 .text          0x000180c0       0x60 /home/jiangkun/drone/ESL_V5/software_package/gcc-arm-none-eabi/bin/../lib/gcc/arm-none-eabi/5.4.1/armv6-m/crtbegin.o
 .text          0x00018120       0x78 /home/jiangkun/drone/ESL_V5/software_package/gcc-arm-none-eabi/bin/../lib/gcc/arm-none-eabi/5.4.1/../../../../arm-none-eabi/lib/armv6-m/crt0.o
                0x00018120                _mainCRTStartup
                0x00018120                _start
 .text.exit     0x00018198       0x2c /home/jiangkun/drone/ESL_V5/software_package/gcc-arm-none-eabi/bin/../lib/gcc/arm-none-eabi/5.4.1/../../../../arm-none-eabi/lib/armv6-m/libc_nano.a(lib_a-exit.o)
                0x00018198                exit
 .text.__libc_init_array
                0x000181c4       0x4c /home/jiangkun/drone/ESL_V5/software_package/gcc-arm-none-eabi/bin/../lib/gcc/arm-none-eabi/5.4.1/../../../../arm-none-eabi/lib/armv6-m/libc_nano.a(lib_a-init.o)
                0x000181c4                __libc_init_array
 .text.memset   0x00018210       0x10 /home/jiangkun/drone/ESL_V5/software_package/gcc-arm-none-eabi/bin/../lib/gcc/arm-none-eabi/5.4.1/../../../../arm-none-eabi/lib/armv6-m/libc_nano.a(lib_a-memset.o)
                0x00018210                memset
 .text._exit    0x00018220        0x4 /home/jiangkun/drone/ESL_V5/software_package/gcc-arm-none-eabi/bin/../lib/gcc/arm-none-eabi/5.4.1/../../../../arm-none-eabi/lib/armv6-m/libnosys.a(_exit.o)
                0x00018220                _exit
 .text.SystemInit
                0x00018224       0x94 _build/system_nrf51.o
                0x00018224                SystemInit
 .text.nrf_delay_ms
                0x000182b8       0x3c _build/nrf_delay.o
                0x000182b8                nrf_delay_ms
 .text.panic_mode
                0x000182f4       0xfc _build/in4073.o
                0x000182f4                panic_mode
 .text.manual_mode
                0x000183f0      0x2b8 _build/in4073.o
                0x000183f0                manual_mode
 .text.calibration_mode
                0x000186a8      0x498 _build/in4073.o
                0x000186a8                calibration_mode
 .text.safe_mode
                0x00018b40      0x5b4 _build/in4073.o
                0x00018b40                safe_mode
 .text.calculate_rpm
                0x000190f4       0xbc _build/in4073.o
                0x000190f4                calculate_rpm
 .text.yaw_control_mode
                0x000191b0      0x624 _build/in4073.o
                0x000191b0                yaw_control_mode
 .text.full_control_mode
                0x000197d4      0x738 _build/in4073.o
                0x000197d4                full_control_mode
 .text.send_telemetry
                0x00019f0c       0x2c _build/in4073.o
                0x00019f0c                send_telemetry
 .text.initialize
                0x00019f38      0x108 _build/in4073.o
                0x00019f38                initialize
 .text.startup.main
                0x0001a040      0x138 _build/in4073.o
                0x0001a040                main
 .text.create_telemetry_packet
                0x0001a178      0x154 _build/protocol.o
                0x0001a178                create_telemetry_packet
 .text.parse_packet
                0x0001a2cc      0x17c _build/protocol.o
                0x0001a2cc                parse_packet
 .text.run_filters_and_control
                0x0001a448       0x20 _build/control.o
                0x0001a448                run_filters_and_control
 .text.gpio_init
                0x0001a468       0x8c _build/gpio.o
                0x0001a468                gpio_init
 .text.quadrupel_timer_handler
                0x0001a4f4        0xc _build/timers.o
                0x0001a4f4                quadrupel_timer_handler
 .text.telemetry_timer_handler
                0x0001a500        0xc _build/timers.o
                0x0001a500                telemetry_timer_handler
 .text.TIMER2_IRQHandler
                0x0001a50c       0xb8 _build/timers.o
                0x0001a50c                TIMER2_IRQHandler
 .text.TIMER1_IRQHandler
                0x0001a5c4       0xac _build/timers.o
                0x0001a5c4                TIMER1_IRQHandler
 .text.get_time_us
                0x0001a670       0x20 _build/timers.o
                0x0001a670                get_time_us
 .text.check_timer_flag
                0x0001a690        0xc _build/timers.o
                0x0001a690                check_timer_flag
 .text.clear_timer_flag
                0x0001a69c        0xc _build/timers.o
                0x0001a69c                clear_timer_flag
 .text.check_telemetry_timer_flag
                0x0001a6a8        0xc _build/timers.o
                0x0001a6a8                check_telemetry_timer_flag
 .text.clear_telemetry_timer_flag
                0x0001a6b4        0xc _build/timers.o
                0x0001a6b4                clear_telemetry_timer_flag
 .text.timers_init
                0x0001a6c0      0x200 _build/timers.o
                0x0001a6c0                timers_init
 .text.uart_put
                0x0001a8c0       0x44 _build/uart.o
                0x0001a8c0                uart_put
 .text._write   0x0001a904       0x84 _build/uart.o
                0x0001a904                _write
 .text.UART0_IRQHandler
                0x0001a988       0x84 _build/uart.o
                0x0001a988                UART0_IRQHandler
 .text.uart_init
                0x0001aa0c       0xa0 _build/uart.o
                0x0001aa0c                uart_init
 .text.init_queue
                0x0001aaac       0x14 _build/queue.o
                0x0001aaac                init_queue
 .text.enqueue  0x0001aac0       0x1c _build/queue.o
                0x0001aac0                enqueue
 .text.dequeue  0x0001aadc       0x20 _build/queue.o
                0x0001aadc                dequeue
 .text.i2c_read
                0x0001aafc       0xc0 _build/twi.o
                0x0001aafc                i2c_read
 .text.i2c_write
                0x0001abbc       0x70 _build/twi.o
                0x0001abbc                i2c_write
 .text.SPI0_TWI0_IRQHandler
                0x0001ac2c       0x70 _build/twi.o
                0x0001ac2c                SPI0_TWI0_IRQHandler
 .text.twi_init
                0x0001ac9c       0x84 _build/twi.o
                0x0001ac9c                twi_init
 .text.adc_request_sample
                0x0001ad20       0x18 _build/adc.o
                0x0001ad20                adc_request_sample
 .text.ADC_IRQHandler
                0x0001ad38       0x24 _build/adc.o
                0x0001ad38                ADC_IRQHandler
 .text.adc_init
                0x0001ad5c       0x3c _build/adc.o
                0x0001ad5c                adc_init
 .text.baro_init
                0x0001ad98       0x34 _build/baro.o
                0x0001ad98                baro_init
 .text.SWI1_IRQHandler
                0x0001adcc       0x10 _build/ble.o
                0x0001adcc                SWI1_IRQHandler
 .text.spi_flash_init
                0x0001addc      0x230 _build/spi_flash.o
                0x0001addc                spi_flash_init
 .text.mpu_reset_fifo
                0x0001b00c      0x15c _build/inv_mpu.o
                0x0001b00c                mpu_reset_fifo
 .text.mpu_lp_accel_mode
                0x0001b168      0x1b8 _build/inv_mpu.o
                0x0001b168                mpu_lp_accel_mode
 .text.mpu_get_accel_fsr
                0x0001b320       0x4c _build/inv_mpu.o
                0x0001b320                mpu_get_accel_fsr
 .text.mpu_set_lpf
                0x0001b36c       0x78 _build/inv_mpu.o
                0x0001b36c                mpu_set_lpf
 .text.mpu_set_sample_rate
                0x0001b3e4      0x168 _build/inv_mpu.o
                0x0001b3e4                mpu_set_sample_rate
 .text.mpu_configure_fifo
                0x0001b54c       0xd0 _build/inv_mpu.o
                0x0001b54c                mpu_configure_fifo
 .text.mpu_set_sensors
                0x0001b61c      0x140 _build/inv_mpu.o
                0x0001b61c                mpu_set_sensors
 .text.mpu_init
                0x0001b75c      0x1f4 _build/inv_mpu.o
                0x0001b75c                mpu_init
 .text.mpu_read_fifo_stream
                0x0001b950       0xb0 _build/inv_mpu.o
                0x0001b950                mpu_read_fifo_stream
 .text.mpu_set_int_level
                0x0001ba00       0x10 _build/inv_mpu.o
                0x0001ba00                mpu_set_int_level
 .text.mpu_set_int_latched
                0x0001ba10       0x68 _build/inv_mpu.o
                0x0001ba10                mpu_set_int_latched
 .text.mpu_write_mem
                0x0001ba78       0x58 _build/inv_mpu.o
                0x0001ba78                mpu_write_mem
 .text.mpu_load_firmware
                0x0001bad0      0x15c _build/inv_mpu.o
                0x0001bad0                mpu_load_firmware
 .text.mpu_set_dmp_state
                0x0001bc2c      0x174 _build/inv_mpu.o
                0x0001bc2c                mpu_set_dmp_state
 .text.dmp_load_motion_driver_firmware
                0x0001bda0       0x1c _build/inv_mpu_dmp_motion_driver.o
                0x0001bda0                dmp_load_motion_driver_firmware
 .text.dmp_set_orientation
                0x0001bdbc      0x118 _build/inv_mpu_dmp_motion_driver.o
                0x0001bdbc                dmp_set_orientation
 .text.dmp_set_fifo_rate
                0x0001bed4       0x64 _build/inv_mpu_dmp_motion_driver.o
                0x0001bed4                dmp_set_fifo_rate
 .text.dmp_set_tap_thresh
                0x0001bf38      0x164 _build/inv_mpu_dmp_motion_driver.o
                0x0001bf38                dmp_set_tap_thresh
 .text.dmp_enable_feature
                0x0001c09c      0x28c _build/inv_mpu_dmp_motion_driver.o
                0x0001c09c                dmp_enable_feature
 .text.dmp_read_fifo
                0x0001c328      0x20c _build/inv_mpu_dmp_motion_driver.o
                0x0001c328                dmp_read_fifo
 .text.inv_orientation_matrix_to_scalar
                0x0001c534      0x11c _build/ml.o
                0x0001c534                inv_orientation_matrix_to_scalar
 .text.get_dmp_data
                0x0001c650      0x218 _build/mpu_wrapper.o
                0x0001c650                get_dmp_data
 .text.check_sensor_int_flag
                0x0001c868       0x20 _build/mpu_wrapper.o
                0x0001c868                check_sensor_int_flag
 .text.imu_init
                0x0001c888      0x10c _build/mpu_wrapper.o
                0x0001c888                imu_init
 .text.app_error_handler
                0x0001c994       0x40 _build/app_error.o
                0x0001c994                app_error_handler
 .text.rtc1_stop
                0x0001c9d4       0x78 _build/app_timer.o
 .text.RTC1_IRQHandler
                0x0001ca4c       0xe0 _build/app_timer.o
                0x0001ca4c                RTC1_IRQHandler
 .text.SWI0_IRQHandler
                0x0001cb2c      0x4cc _build/app_timer.o
                0x0001cb2c                SWI0_IRQHandler
 .text.app_timer_init
                0x0001cff8       0xe4 _build/app_timer.o
                0x0001cff8                app_timer_init
 .text.app_timer_create
                0x0001d0dc       0x34 _build/app_timer.o
                0x0001d0dc                app_timer_create
 .text.app_timer_start
                0x0001d110       0xec _build/app_timer.o
                0x0001d110                app_timer_start
 .text.sd_evt_get
                0x0001d1fc        0x4 _build/softdevice_handler.o
 .text.sd_ble_evt_get
                0x0001d200        0x4 _build/softdevice_handler.o
 .text.intern_softdevice_events_execute.part.0
                0x0001d204       0xec _build/softdevice_handler.o
 .text.SWI2_IRQHandler
                0x0001d2f0       0x34 _build/softdevice_handler.o
                0x0001d2f0                SWI2_IRQHandler
 .text          0x0001d324       0x54 _build/gcc_startup_nrf51.o
                0x0001d324                Reset_Handler
                0x0001d36c                NMI_Handler
                0x0001d36e                HardFault_Handler
                0x0001d370                SVC_Handler
                0x0001d372                PendSV_Handler
                0x0001d374                SysTick_Handler
                0x0001d376                RTC0_IRQHandler
                0x0001d376                GPIOTE_IRQHandler
                0x0001d376                POWER_CLOCK_IRQHandler
                0x0001d376                RADIO_IRQHandler
                0x0001d376                LPCOMP_IRQHandler
                0x0001d376                SWI4_IRQHandler
                0x0001d376                TEMP_IRQHandler
                0x0001d376                QDEC_IRQHandler
                0x0001d376                SWI5_IRQHandler
                0x0001d376                TIMER0_IRQHandler
                0x0001d376                ECB_IRQHandler
                0x0001d376                Default_Handler
                0x0001d376                SWI3_IRQHandler
                0x0001d376                CCM_AAR_IRQHandler
                0x0001d376                WDT_IRQHandler
                0x0001d376                RNG_IRQHandler
                0x0001d376                SPI1_TWI1_IRQHandler
 .text.fabs     0x0001d378        0x8 /home/jiangkun/drone/ESL_V5/software_package/gcc-arm-none-eabi/bin/../lib/gcc/arm-none-eabi/5.4.1/../../../../arm-none-eabi/lib/armv6-m/libm.a(lib_a-s_fabs.o)
                0x0001d378                fabs
 .text.asin     0x0001d380       0xc4 /home/jiangkun/drone/ESL_V5/software_package/gcc-arm-none-eabi/bin/../lib/gcc/arm-none-eabi/5.4.1/../../../../arm-none-eabi/lib/armv6-m/libm.a(lib_a-w_asin.o)
                0x0001d380                asin
 .text.atan2    0x0001d444        0x8 /home/jiangkun/drone/ESL_V5/software_package/gcc-arm-none-eabi/bin/../lib/gcc/arm-none-eabi/5.4.1/../../../../arm-none-eabi/lib/armv6-m/libm.a(lib_a-w_atan2.o)
                0x0001d444                atan2
 .text.__ieee754_asin
                0x0001d44c      0x3cc /home/jiangkun/drone/ESL_V5/software_package/gcc-arm-none-eabi/bin/../lib/gcc/arm-none-eabi/5.4.1/../../../../arm-none-eabi/lib/armv6-m/libm.a(lib_a-e_asin.o)
                0x0001d44c                __ieee754_asin
 .text.__ieee754_atan2
                0x0001d818      0x178 /home/jiangkun/drone/ESL_V5/software_package/gcc-arm-none-eabi/bin/../lib/gcc/arm-none-eabi/5.4.1/../../../../arm-none-eabi/lib/armv6-m/libm.a(lib_a-e_atan2.o)
                0x0001d818                __ieee754_atan2
 .text.__ieee754_sqrt
                0x0001d990      0x1ec /home/jiangkun/drone/ESL_V5/software_package/gcc-arm-none-eabi/bin/../lib/gcc/arm-none-eabi/5.4.1/../../../../arm-none-eabi/lib/armv6-m/libm.a(lib_a-e_sqrt.o)
                0x0001d990                __ieee754_sqrt
 .text.atan     0x0001db7c      0x33c /home/jiangkun/drone/ESL_V5/software_package/gcc-arm-none-eabi/bin/../lib/gcc/arm-none-eabi/5.4.1/../../../../arm-none-eabi/lib/armv6-m/libm.a(lib_a-s_atan.o)
                0x0001db7c                atan
 .text.matherr  0x0001deb8        0x4 /home/jiangkun/drone/ESL_V5/software_package/gcc-arm-none-eabi/bin/../lib/gcc/arm-none-eabi/5.4.1/../../../../arm-none-eabi/lib/armv6-m/libm.a(lib_a-s_matherr.o)
                0x0001deb8                matherr
 .text.nan      0x0001debc        0xc /home/jiangkun/drone/ESL_V5/software_package/gcc-arm-none-eabi/bin/../lib/gcc/arm-none-eabi/5.4.1/../../../../arm-none-eabi/lib/armv6-m/libm.a(lib_a-s_nan.o)
                0x0001debc                nan
 .text          0x0001dec8      0x114 /home/jiangkun/drone/ESL_V5/software_package/gcc-arm-none-eabi/bin/../lib/gcc/arm-none-eabi/5.4.1/armv6-m/libgcc.a(_udivsi3.o)
                0x0001dec8                __udivsi3
                0x0001dec8                __aeabi_uidiv
                0x0001dfd4                __aeabi_uidivmod
 .text          0x0001dfdc      0x1d4 /home/jiangkun/drone/ESL_V5/software_package/gcc-arm-none-eabi/bin/../lib/gcc/arm-none-eabi/5.4.1/armv6-m/libgcc.a(_divsi3.o)
                0x0001dfdc                __aeabi_idiv
                0x0001dfdc                __divsi3
                0x0001e1a8                __aeabi_idivmod
 .text          0x0001e1b0        0x4 /home/jiangkun/drone/ESL_V5/software_package/gcc-arm-none-eabi/bin/../lib/gcc/arm-none-eabi/5.4.1/armv6-m/libgcc.a(_dvmd_tls.o)
                0x0001e1b0                __aeabi_ldiv0
                0x0001e1b0                __aeabi_idiv0
 .text          0x0001e1b4       0x7c /home/jiangkun/drone/ESL_V5/software_package/gcc-arm-none-eabi/bin/../lib/gcc/arm-none-eabi/5.4.1/armv6-m/libgcc.a(_arm_cmpdf2.o)
                0x0001e1b4                __aeabi_cdrcmple
                0x0001e1c4                __aeabi_cdcmple
                0x0001e1c4                __aeabi_cdcmpeq
                0x0001e1d4                __aeabi_dcmpeq
                0x0001e1e0                __aeabi_dcmplt
                0x0001e1f4                __aeabi_dcmple
                0x0001e208                __aeabi_dcmpgt
                0x0001e21c                __aeabi_dcmpge
 .text          0x0001e230       0x74 /home/jiangkun/drone/ESL_V5/software_package/gcc-arm-none-eabi/bin/../lib/gcc/arm-none-eabi/5.4.1/armv6-m/libgcc.a(_arm_cmpsf2.o)
                0x0001e230                __aeabi_cfrcmple
                0x0001e238                __aeabi_cfcmple
                0x0001e238                __aeabi_cfcmpeq
                0x0001e248                __aeabi_fcmpeq
                0x0001e254                __aeabi_fcmplt
                0x0001e268                __aeabi_fcmple
                0x0001e27c                __aeabi_fcmpgt
                0x0001e290                __aeabi_fcmpge
 .text          0x0001e2a4       0x30 /home/jiangkun/drone/ESL_V5/software_package/gcc-arm-none-eabi/bin/../lib/gcc/arm-none-eabi/5.4.1/armv6-m/libgcc.a(_fixunssfsi.o)
                0x0001e2a4                __aeabi_f2uiz
                0x0001e2a4                __fixunssfsi
 .text          0x0001e2d4      0x2ec /home/jiangkun/drone/ESL_V5/software_package/gcc-arm-none-eabi/bin/../lib/gcc/arm-none-eabi/5.4.1/armv6-m/libgcc.a(addsf3.o)
                0x0001e2d4                __aeabi_fadd
 .text          0x0001e5c0      0x234 /home/jiangkun/drone/ESL_V5/software_package/gcc-arm-none-eabi/bin/../lib/gcc/arm-none-eabi/5.4.1/armv6-m/libgcc.a(divsf3.o)
                0x0001e5c0                __aeabi_fdiv
 .text          0x0001e7f4       0x50 /home/jiangkun/drone/ESL_V5/software_package/gcc-arm-none-eabi/bin/../lib/gcc/arm-none-eabi/5.4.1/armv6-m/libgcc.a(eqsf2.o)
                0x0001e7f4                __nesf2
                0x0001e7f4                __eqsf2
 .text          0x0001e844       0x88 /home/jiangkun/drone/ESL_V5/software_package/gcc-arm-none-eabi/bin/../lib/gcc/arm-none-eabi/5.4.1/armv6-m/libgcc.a(gesf2.o)
                0x0001e844                __gtsf2
                0x0001e844                __gesf2
 .text          0x0001e8cc       0x88 /home/jiangkun/drone/ESL_V5/software_package/gcc-arm-none-eabi/bin/../lib/gcc/arm-none-eabi/5.4.1/armv6-m/libgcc.a(lesf2.o)
                0x0001e8cc                __lesf2
                0x0001e8cc                __ltsf2
 .text          0x0001e954      0x228 /home/jiangkun/drone/ESL_V5/software_package/gcc-arm-none-eabi/bin/../lib/gcc/arm-none-eabi/5.4.1/armv6-m/libgcc.a(mulsf3.o)
                0x0001e954                __aeabi_fmul
 .text          0x0001eb7c      0x30c /home/jiangkun/drone/ESL_V5/software_package/gcc-arm-none-eabi/bin/../lib/gcc/arm-none-eabi/5.4.1/armv6-m/libgcc.a(subsf3.o)
                0x0001eb7c                __aeabi_fsub
 .text          0x0001ee88       0x44 /home/jiangkun/drone/ESL_V5/software_package/gcc-arm-none-eabi/bin/../lib/gcc/arm-none-eabi/5.4.1/armv6-m/libgcc.a(fixsfsi.o)
                0x0001ee88                __aeabi_f2iz
 .text          0x0001eecc       0x90 /home/jiangkun/drone/ESL_V5/software_package/gcc-arm-none-eabi/bin/../lib/gcc/arm-none-eabi/5.4.1/armv6-m/libgcc.a(floatsisf.o)
                0x0001eecc                __aeabi_i2f
 .text          0x0001ef5c       0x7c /home/jiangkun/drone/ESL_V5/software_package/gcc-arm-none-eabi/bin/../lib/gcc/arm-none-eabi/5.4.1/armv6-m/libgcc.a(floatunsisf.o)
                0x0001ef5c                __aeabi_ui2f
 .text          0x0001efd8      0x658 /home/jiangkun/drone/ESL_V5/software_package/gcc-arm-none-eabi/bin/../lib/gcc/arm-none-eabi/5.4.1/armv6-m/libgcc.a(adddf3.o)
                0x0001efd8                __aeabi_dadd
 .text          0x0001f630      0x62c /home/jiangkun/drone/ESL_V5/software_package/gcc-arm-none-eabi/bin/../lib/gcc/arm-none-eabi/5.4.1/armv6-m/libgcc.a(divdf3.o)
                0x0001f630                __aeabi_ddiv
 .text          0x0001fc5c       0x80 /home/jiangkun/drone/ESL_V5/software_package/gcc-arm-none-eabi/bin/../lib/gcc/arm-none-eabi/5.4.1/armv6-m/libgcc.a(eqdf2.o)
                0x0001fc5c                __eqdf2
                0x0001fc5c                __nedf2
 .text          0x0001fcdc       0xc8 /home/jiangkun/drone/ESL_V5/software_package/gcc-arm-none-eabi/bin/../lib/gcc/arm-none-eabi/5.4.1/armv6-m/libgcc.a(gedf2.o)
                0x0001fcdc                __gtdf2
                0x0001fcdc                __gedf2
 .text          0x0001fda4       0xd4 /home/jiangkun/drone/ESL_V5/software_package/gcc-arm-none-eabi/bin/../lib/gcc/arm-none-eabi/5.4.1/armv6-m/libgcc.a(ledf2.o)
                0x0001fda4                __ltdf2
                0x0001fda4                __ledf2
 .text          0x0001fe78      0x4f4 /home/jiangkun/drone/ESL_V5/software_package/gcc-arm-none-eabi/bin/../lib/gcc/arm-none-eabi/5.4.1/armv6-m/libgcc.a(muldf3.o)
                0x0001fe78                __aeabi_dmul
 .text          0x0002036c      0x6a8 /home/jiangkun/drone/ESL_V5/software_package/gcc-arm-none-eabi/bin/../lib/gcc/arm-none-eabi/5.4.1/armv6-m/libgcc.a(subdf3.o)
                0x0002036c                __aeabi_dsub
 .text          0x00020a14       0x40 /home/jiangkun/drone/ESL_V5/software_package/gcc-arm-none-eabi/bin/../lib/gcc/arm-none-eabi/5.4.1/armv6-m/libgcc.a(unorddf2.o)
                0x00020a14                __aeabi_dcmpun
 .text          0x00020a54       0x6c /home/jiangkun/drone/ESL_V5/software_package/gcc-arm-none-eabi/bin/../lib/gcc/arm-none-eabi/5.4.1/armv6-m/libgcc.a(fixdfsi.o)
                0x00020a54                __aeabi_d2iz
 .text          0x00020ac0       0xa8 /home/jiangkun/drone/ESL_V5/software_package/gcc-arm-none-eabi/bin/../lib/gcc/arm-none-eabi/5.4.1/armv6-m/libgcc.a(extendsfdf2.o)
                0x00020ac0                __aeabi_f2d
 .text          0x00020b68       0x3c /home/jiangkun/drone/ESL_V5/software_package/gcc-arm-none-eabi/bin/../lib/gcc/arm-none-eabi/5.4.1/armv6-m/libgcc.a(_clzsi2.o)
                0x00020b68                __clzsi2
 .text.__errno  0x00020ba4        0xc /home/jiangkun/drone/ESL_V5/software_package/gcc-arm-none-eabi/bin/../lib/gcc/arm-none-eabi/5.4.1/../../../../arm-none-eabi/lib/armv6-m/libc_nano.a(lib_a-errno.o)
                0x00020ba4                __errno
 .text.memcmp   0x00020bb0       0x1e /home/jiangkun/drone/ESL_V5/software_package/gcc-arm-none-eabi/bin/../lib/gcc/arm-none-eabi/5.4.1/../../../../arm-none-eabi/lib/armv6-m/libc_nano.a(lib_a-memcmp.o)
                0x00020bb0                memcmp
 .text.memcpy   0x00020bce       0x12 /home/jiangkun/drone/ESL_V5/software_package/gcc-arm-none-eabi/bin/../lib/gcc/arm-none-eabi/5.4.1/../../../../arm-none-eabi/lib/armv6-m/libc_nano.a(lib_a-memcpy-stub.o)
                0x00020bce                memcpy
 .text.printf   0x00020be0       0x34 /home/jiangkun/drone/ESL_V5/software_package/gcc-arm-none-eabi/bin/../lib/gcc/arm-none-eabi/5.4.1/../../../../arm-none-eabi/lib/armv6-m/libc_nano.a(lib_a-printf.o)
                0x00020be0                printf
                0x00020be0                iprintf
 .text._cleanup_r
                0x00020c14       0x10 /home/jiangkun/drone/ESL_V5/software_package/gcc-arm-none-eabi/bin/../lib/gcc/arm-none-eabi/5.4.1/../../../../arm-none-eabi/lib/armv6-m/libc_nano.a(lib_a-findfp.o)
                0x00020c14                _cleanup_r
 .text.std.isra.0
                0x00020c24       0x48 /home/jiangkun/drone/ESL_V5/software_package/gcc-arm-none-eabi/bin/../lib/gcc/arm-none-eabi/5.4.1/../../../../arm-none-eabi/lib/armv6-m/libc_nano.a(lib_a-findfp.o)
 .text.__sfmoreglue
                0x00020c6c       0x2c /home/jiangkun/drone/ESL_V5/software_package/gcc-arm-none-eabi/bin/../lib/gcc/arm-none-eabi/5.4.1/../../../../arm-none-eabi/lib/armv6-m/libc_nano.a(lib_a-findfp.o)
                0x00020c6c                __sfmoreglue
 .text.__sinit  0x00020c98       0x68 /home/jiangkun/drone/ESL_V5/software_package/gcc-arm-none-eabi/bin/../lib/gcc/arm-none-eabi/5.4.1/../../../../arm-none-eabi/lib/armv6-m/libc_nano.a(lib_a-findfp.o)
                0x00020c98                __sinit
 .text.__sfp    0x00020d00       0x7c /home/jiangkun/drone/ESL_V5/software_package/gcc-arm-none-eabi/bin/../lib/gcc/arm-none-eabi/5.4.1/../../../../arm-none-eabi/lib/armv6-m/libc_nano.a(lib_a-findfp.o)
                0x00020d00                __sfp
 .text._fwalk_reent
                0x00020d7c       0x42 /home/jiangkun/drone/ESL_V5/software_package/gcc-arm-none-eabi/bin/../lib/gcc/arm-none-eabi/5.4.1/../../../../arm-none-eabi/lib/armv6-m/libc_nano.a(lib_a-fwalk.o)
                0x00020d7c                _fwalk_reent
 *fill*         0x00020dbe        0x2 
 .text._malloc_r
                0x00020dc0       0xc0 /home/jiangkun/drone/ESL_V5/software_package/gcc-arm-none-eabi/bin/../lib/gcc/arm-none-eabi/5.4.1/../../../../arm-none-eabi/lib/armv6-m/libc_nano.a(lib_a-nano-mallocr.o)
                0x00020dc0                _malloc_r
 .text.__sfputc_r
                0x00020e80       0x2a /home/jiangkun/drone/ESL_V5/software_package/gcc-arm-none-eabi/bin/../lib/gcc/arm-none-eabi/5.4.1/../../../../arm-none-eabi/lib/armv6-m/libc_nano.a(lib_a-nano-vfprintf.o)
 .text.__sfputs_r
                0x00020eaa       0x24 /home/jiangkun/drone/ESL_V5/software_package/gcc-arm-none-eabi/bin/../lib/gcc/arm-none-eabi/5.4.1/../../../../arm-none-eabi/lib/armv6-m/libc_nano.a(lib_a-nano-vfprintf.o)
                0x00020eaa                __sfputs_r
 *fill*         0x00020ece        0x2 
 .text._vfprintf_r
                0x00020ed0      0x238 /home/jiangkun/drone/ESL_V5/software_package/gcc-arm-none-eabi/bin/../lib/gcc/arm-none-eabi/5.4.1/../../../../arm-none-eabi/lib/armv6-m/libc_nano.a(lib_a-nano-vfprintf.o)
                0x00020ed0                _vfiprintf_r
                0x00020ed0                _vfprintf_r
 .text._printf_common
                0x00021108       0xdc /home/jiangkun/drone/ESL_V5/software_package/gcc-arm-none-eabi/bin/../lib/gcc/arm-none-eabi/5.4.1/../../../../arm-none-eabi/lib/armv6-m/libc_nano.a(lib_a-nano-vfprintf_i.o)
                0x00021108                _printf_common
 .text._printf_i
                0x000211e4      0x244 /home/jiangkun/drone/ESL_V5/software_package/gcc-arm-none-eabi/bin/../lib/gcc/arm-none-eabi/5.4.1/../../../../arm-none-eabi/lib/armv6-m/libc_nano.a(lib_a-nano-vfprintf_i.o)
                0x000211e4                _printf_i
 .text._sbrk_r  0x00021428       0x24 /home/jiangkun/drone/ESL_V5/software_package/gcc-arm-none-eabi/bin/../lib/gcc/arm-none-eabi/5.4.1/../../../../arm-none-eabi/lib/armv6-m/libc_nano.a(lib_a-sbrkr.o)
                0x00021428                _sbrk_r
 .text.__sread  0x0002144c       0x28 /home/jiangkun/drone/ESL_V5/software_package/gcc-arm-none-eabi/bin/../lib/gcc/arm-none-eabi/5.4.1/../../../../arm-none-eabi/lib/armv6-m/libc_nano.a(lib_a-stdio.o)
                0x0002144c                __sread
 .text.__swrite
                0x00021474       0x38 /home/jiangkun/drone/ESL_V5/software_package/gcc-arm-none-eabi/bin/../lib/gcc/arm-none-eabi/5.4.1/../../../../arm-none-eabi/lib/armv6-m/libc_nano.a(lib_a-stdio.o)
                0x00021474                __swrite
 .text.__sseek  0x000214ac       0x2c /home/jiangkun/drone/ESL_V5/software_package/gcc-arm-none-eabi/bin/../lib/gcc/arm-none-eabi/5.4.1/../../../../arm-none-eabi/lib/armv6-m/libc_nano.a(lib_a-stdio.o)
                0x000214ac                __sseek
 .text.__sclose
                0x000214d8        0xc /home/jiangkun/drone/ESL_V5/software_package/gcc-arm-none-eabi/bin/../lib/gcc/arm-none-eabi/5.4.1/../../../../arm-none-eabi/lib/armv6-m/libc_nano.a(lib_a-stdio.o)
                0x000214d8                __sclose
 .text.__swbuf_r
                0x000214e4       0xb0 /home/jiangkun/drone/ESL_V5/software_package/gcc-arm-none-eabi/bin/../lib/gcc/arm-none-eabi/5.4.1/../../../../arm-none-eabi/lib/armv6-m/libc_nano.a(lib_a-wbuf.o)
                0x000214e4                __swbuf_r
 .text._write_r
                0x00021594       0x28 /home/jiangkun/drone/ESL_V5/software_package/gcc-arm-none-eabi/bin/../lib/gcc/arm-none-eabi/5.4.1/../../../../arm-none-eabi/lib/armv6-m/libc_nano.a(lib_a-writer.o)
                0x00021594                _write_r
 .text.__swsetup_r
                0x000215bc       0xec /home/jiangkun/drone/ESL_V5/software_package/gcc-arm-none-eabi/bin/../lib/gcc/arm-none-eabi/5.4.1/../../../../arm-none-eabi/lib/armv6-m/libc_nano.a(lib_a-wsetup.o)
                0x000215bc                __swsetup_r
 .text._close_r
                0x000216a8       0x24 /home/jiangkun/drone/ESL_V5/software_package/gcc-arm-none-eabi/bin/../lib/gcc/arm-none-eabi/5.4.1/../../../../arm-none-eabi/lib/armv6-m/libc_nano.a(lib_a-closer.o)
                0x000216a8                _close_r
 .text.__sflush_r
                0x000216cc      0x10c /home/jiangkun/drone/ESL_V5/software_package/gcc-arm-none-eabi/bin/../lib/gcc/arm-none-eabi/5.4.1/../../../../arm-none-eabi/lib/armv6-m/libc_nano.a(lib_a-fflush.o)
                0x000216cc                __sflush_r
 .text._fflush_r
                0x000217d8       0x58 /home/jiangkun/drone/ESL_V5/software_package/gcc-arm-none-eabi/bin/../lib/gcc/arm-none-eabi/5.4.1/../../../../arm-none-eabi/lib/armv6-m/libc_nano.a(lib_a-fflush.o)
                0x000217d8                _fflush_r
 .text._lseek_r
                0x00021830       0x28 /home/jiangkun/drone/ESL_V5/software_package/gcc-arm-none-eabi/bin/../lib/gcc/arm-none-eabi/5.4.1/../../../../arm-none-eabi/lib/armv6-m/libc_nano.a(lib_a-lseekr.o)
                0x00021830                _lseek_r
 .text.__swhatbuf_r
                0x00021858       0x4c /home/jiangkun/drone/ESL_V5/software_package/gcc-arm-none-eabi/bin/../lib/gcc/arm-none-eabi/5.4.1/../../../../arm-none-eabi/lib/armv6-m/libc_nano.a(lib_a-makebuf.o)
                0x00021858                __swhatbuf_r
 .text.__smakebuf_r
                0x000218a4       0x7c /home/jiangkun/drone/ESL_V5/software_package/gcc-arm-none-eabi/bin/../lib/gcc/arm-none-eabi/5.4.1/../../../../arm-none-eabi/lib/armv6-m/libc_nano.a(lib_a-makebuf.o)
                0x000218a4                __smakebuf_r
 .text.memchr   0x00021920       0x16 /home/jiangkun/drone/ESL_V5/software_package/gcc-arm-none-eabi/bin/../lib/gcc/arm-none-eabi/5.4.1/../../../../arm-none-eabi/lib/armv6-m/libc_nano.a(lib_a-memchr-stub.o)
                0x00021920                memchr
 .text.__malloc_lock
                0x00021936        0x2 /home/jiangkun/drone/ESL_V5/software_package/gcc-arm-none-eabi/bin/../lib/gcc/arm-none-eabi/5.4.1/../../../../arm-none-eabi/lib/armv6-m/libc_nano.a(lib_a-mlock.o)
                0x00021936                __malloc_lock
 .text.__malloc_unlock
                0x00021938        0x2 /home/jiangkun/drone/ESL_V5/software_package/gcc-arm-none-eabi/bin/../lib/gcc/arm-none-eabi/5.4.1/../../../../arm-none-eabi/lib/armv6-m/libc_nano.a(lib_a-mlock.o)
                0x00021938                __malloc_unlock
 *fill*         0x0002193a        0x2 
 .text._free_r  0x0002193c       0x98 /home/jiangkun/drone/ESL_V5/software_package/gcc-arm-none-eabi/bin/../lib/gcc/arm-none-eabi/5.4.1/../../../../arm-none-eabi/lib/armv6-m/libc_nano.a(lib_a-nano-freer.o)
                0x0002193c                _free_r
 .text._read_r  0x000219d4       0x28 /home/jiangkun/drone/ESL_V5/software_package/gcc-arm-none-eabi/bin/../lib/gcc/arm-none-eabi/5.4.1/../../../../arm-none-eabi/lib/armv6-m/libc_nano.a(lib_a-readr.o)
                0x000219d4                _read_r
 .text._fstat_r
                0x000219fc       0x24 /home/jiangkun/drone/ESL_V5/software_package/gcc-arm-none-eabi/bin/../lib/gcc/arm-none-eabi/5.4.1/../../../../arm-none-eabi/lib/armv6-m/libc_nano.a(lib_a-fstatr.o)
                0x000219fc                _fstat_r
 .text._isatty_r
                0x00021a20       0x24 /home/jiangkun/drone/ESL_V5/software_package/gcc-arm-none-eabi/bin/../lib/gcc/arm-none-eabi/5.4.1/../../../../arm-none-eabi/lib/armv6-m/libc_nano.a(lib_a-isattyr.o)
                0x00021a20                _isatty_r
 .text._close   0x00021a44       0x10 /home/jiangkun/drone/ESL_V5/software_package/gcc-arm-none-eabi/bin/../lib/gcc/arm-none-eabi/5.4.1/../../../../arm-none-eabi/lib/armv6-m/libnosys.a(close.o)
                0x00021a44                _close
 .text._fstat   0x00021a54       0x10 /home/jiangkun/drone/ESL_V5/software_package/gcc-arm-none-eabi/bin/../lib/gcc/arm-none-eabi/5.4.1/../../../../arm-none-eabi/lib/armv6-m/libnosys.a(fstat.o)
                0x00021a54                _fstat
 .text._isatty  0x00021a64       0x10 /home/jiangkun/drone/ESL_V5/software_package/gcc-arm-none-eabi/bin/../lib/gcc/arm-none-eabi/5.4.1/../../../../arm-none-eabi/lib/armv6-m/libnosys.a(isatty.o)
                0x00021a64                _isatty
 .text._lseek   0x00021a74       0x10 /home/jiangkun/drone/ESL_V5/software_package/gcc-arm-none-eabi/bin/../lib/gcc/arm-none-eabi/5.4.1/../../../../arm-none-eabi/lib/armv6-m/libnosys.a(lseek.o)
                0x00021a74                _lseek
 .text._read    0x00021a84       0x10 /home/jiangkun/drone/ESL_V5/software_package/gcc-arm-none-eabi/bin/../lib/gcc/arm-none-eabi/5.4.1/../../../../arm-none-eabi/lib/armv6-m/libnosys.a(read.o)
                0x00021a84                _read
 .text._sbrk    0x00021a94       0x1c /home/jiangkun/drone/ESL_V5/software_package/gcc-arm-none-eabi/bin/../lib/gcc/arm-none-eabi/5.4.1/../../../../arm-none-eabi/lib/armv6-m/libnosys.a(sbrk.o)
                0x00021a94                _sbrk
 *(.init)
 .init          0x00021ab0        0x4 /home/jiangkun/drone/ESL_V5/software_package/gcc-arm-none-eabi/bin/../lib/gcc/arm-none-eabi/5.4.1/armv6-m/crti.o
                0x00021ab0                _init
 .init          0x00021ab4        0x8 /home/jiangkun/drone/ESL_V5/software_package/gcc-arm-none-eabi/bin/../lib/gcc/arm-none-eabi/5.4.1/armv6-m/crtn.o
 *(.fini)
 .fini          0x00021abc        0x4 /home/jiangkun/drone/ESL_V5/software_package/gcc-arm-none-eabi/bin/../lib/gcc/arm-none-eabi/5.4.1/armv6-m/crti.o
                0x00021abc                _fini
 .fini          0x00021ac0        0x8 /home/jiangkun/drone/ESL_V5/software_package/gcc-arm-none-eabi/bin/../lib/gcc/arm-none-eabi/5.4.1/armv6-m/crtn.o
 *crtbegin.o(.ctors)
 *crtbegin?.o(.ctors)
 *(EXCLUDE_FILE(*crtend.o *crtend?.o) .ctors)
 *(SORT(.ctors.*))
 *(.ctors)
 *crtbegin.o(.dtors)
 *crtbegin?.o(.dtors)
 *(EXCLUDE_FILE(*crtend.o *crtend?.o) .dtors)
 *(SORT(.dtors.*))
 *(.dtors)
 *(.rodata*)
 .rodata.str1.1
                0x00021ac8        0x2 /home/jiangkun/drone/ESL_V5/software_package/gcc-arm-none-eabi/bin/../lib/gcc/arm-none-eabi/5.4.1/../../../../arm-none-eabi/lib/armv6-m/libc_nano.a(lib_a-impure.o)
 *fill*         0x00021aca        0x2 
 .rodata._global_impure_ptr
                0x00021acc        0x4 /home/jiangkun/drone/ESL_V5/software_package/gcc-arm-none-eabi/bin/../lib/gcc/arm-none-eabi/5.4.1/../../../../arm-none-eabi/lib/armv6-m/libc_nano.a(lib_a-impure.o)
                0x00021acc                _global_impure_ptr
 .rodata.str1.4
                0x00021ad0      0x23e _build/in4073.o
 *fill*         0x00021d0e        0x2 
 .rodata.parse_packet
                0x00021d10       0x1c _build/protocol.o
 .rodata.str1.4
                0x00021d2c        0xa _build/protocol.o
 *fill*         0x00021d36        0x2 
 .rodata.quadrupel_timer.7155
                0x00021d38        0x4 _build/timers.o
 .rodata.telemetry_timer.7157
                0x00021d3c        0x4 _build/timers.o
 .rodata.str1.4
                0x00021d40       0x11 _build/uart.o
 *fill*         0x00021d51        0x3 
 .rodata.str1.4
                0x00021d54       0x38 _build/twi.o
 .rodata.test   0x00021d8c       0x28 _build/inv_mpu.o
                0x00021d8c                test
 .rodata.str1.4
                0x00021db4       0xa6 _build/inv_mpu.o
 *fill*         0x00021e5a        0x2 
 .rodata.hw     0x00021e5c        0xc _build/inv_mpu.o
                0x00021e5c                hw
 .rodata.reg    0x00021e68       0x1e _build/inv_mpu.o
                0x00021e68                reg
 *fill*         0x00021e86        0x2 
 .rodata        0x00021e88       0x4b _build/inv_mpu_dmp_motion_driver.o
 *fill*         0x00021ed3        0x1 
 .rodata.dmp_memory
                0x00021ed4      0xbf6 _build/inv_mpu_dmp_motion_driver.o
 *fill*         0x00022aca        0x2 
 .rodata.str1.4
                0x00022acc      0x14a _build/mpu_wrapper.o
 *fill*         0x00022c16        0x2 
 .rodata.str1.4
                0x00022c18       0x27 _build/app_error.o
 *fill*         0x00022c3f        0x1 
 .rodata.str1.4
                0x00022c40        0x8 /home/jiangkun/drone/ESL_V5/software_package/gcc-arm-none-eabi/bin/../lib/gcc/arm-none-eabi/5.4.1/../../../../arm-none-eabi/lib/armv6-m/libm.a(lib_a-w_asin.o)
                                  0x9 (size before relaxing)
 .rodata.atanlo
                0x00022c48       0x20 /home/jiangkun/drone/ESL_V5/software_package/gcc-arm-none-eabi/bin/../lib/gcc/arm-none-eabi/5.4.1/../../../../arm-none-eabi/lib/armv6-m/libm.a(lib_a-s_atan.o)
 .rodata.atanhi
                0x00022c68       0x20 /home/jiangkun/drone/ESL_V5/software_package/gcc-arm-none-eabi/bin/../lib/gcc/arm-none-eabi/5.4.1/../../../../arm-none-eabi/lib/armv6-m/libm.a(lib_a-s_atan.o)
 .rodata        0x00022c88       0x80 /home/jiangkun/drone/ESL_V5/software_package/gcc-arm-none-eabi/bin/../lib/gcc/arm-none-eabi/5.4.1/armv6-m/libgcc.a(divsf3.o)
 .rodata        0x00022d08       0x40 /home/jiangkun/drone/ESL_V5/software_package/gcc-arm-none-eabi/bin/../lib/gcc/arm-none-eabi/5.4.1/armv6-m/libgcc.a(mulsf3.o)
 .rodata        0x00022d48       0x40 /home/jiangkun/drone/ESL_V5/software_package/gcc-arm-none-eabi/bin/../lib/gcc/arm-none-eabi/5.4.1/armv6-m/libgcc.a(divdf3.o)
 .rodata        0x00022d88       0x40 /home/jiangkun/drone/ESL_V5/software_package/gcc-arm-none-eabi/bin/../lib/gcc/arm-none-eabi/5.4.1/armv6-m/libgcc.a(muldf3.o)
 .rodata.__sf_fake_stdin
                0x00022dc8       0x20 /home/jiangkun/drone/ESL_V5/software_package/gcc-arm-none-eabi/bin/../lib/gcc/arm-none-eabi/5.4.1/../../../../arm-none-eabi/lib/armv6-m/libc_nano.a(lib_a-findfp.o)
                0x00022dc8                __sf_fake_stdin
 .rodata.__sf_fake_stdout
                0x00022de8       0x20 /home/jiangkun/drone/ESL_V5/software_package/gcc-arm-none-eabi/bin/../lib/gcc/arm-none-eabi/5.4.1/../../../../arm-none-eabi/lib/armv6-m/libc_nano.a(lib_a-findfp.o)
                0x00022de8                __sf_fake_stdout
 .rodata.__sf_fake_stderr
                0x00022e08       0x20 /home/jiangkun/drone/ESL_V5/software_package/gcc-arm-none-eabi/bin/../lib/gcc/arm-none-eabi/5.4.1/../../../../arm-none-eabi/lib/armv6-m/libc_nano.a(lib_a-findfp.o)
                0x00022e08                __sf_fake_stderr
 .rodata.str1.1
                0x00022e28       0x11 /home/jiangkun/drone/ESL_V5/software_package/gcc-arm-none-eabi/bin/../lib/gcc/arm-none-eabi/5.4.1/../../../../arm-none-eabi/lib/armv6-m/libc_nano.a(lib_a-nano-vfprintf.o)
 .rodata.str1.1
                0x00022e39       0x22 /home/jiangkun/drone/ESL_V5/software_package/gcc-arm-none-eabi/bin/../lib/gcc/arm-none-eabi/5.4.1/../../../../arm-none-eabi/lib/armv6-m/libc_nano.a(lib_a-nano-vfprintf_i.o)
 *(.eh_frame*)
 *fill*         0x00022e5b        0x1 
 .eh_frame      0x00022e5c        0x0 /home/jiangkun/drone/ESL_V5/software_package/gcc-arm-none-eabi/bin/../lib/gcc/arm-none-eabi/5.4.1/armv6-m/crtbegin.o
                0x00022e5c                . = ALIGN (0x4)

.glue_7         0x00022e5c        0x0
 .glue_7        0x00022e5c        0x0 linker stubs

.glue_7t        0x00022e5c        0x0
 .glue_7t       0x00022e5c        0x0 linker stubs

.vfp11_veneer   0x00022e5c        0x0
 .vfp11_veneer  0x00022e5c        0x0 linker stubs

.v4_bx          0x00022e5c        0x0
 .v4_bx         0x00022e5c        0x0 linker stubs

.iplt           0x00022e5c        0x0
 .iplt          0x00022e5c        0x0 /home/jiangkun/drone/ESL_V5/software_package/gcc-arm-none-eabi/bin/../lib/gcc/arm-none-eabi/5.4.1/armv6-m/crtbegin.o

.ARM.extab      0x00022e5c        0x0
 *(.ARM.extab* .gnu.linkonce.armextab.*)
                0x00022e5c                . = ALIGN (0x4)
                0x00022e5c                __exidx_start = .

.ARM.exidx      0x00022e5c        0x8
 *(.ARM.exidx* .gnu.linkonce.armexidx.*)
 .ARM.exidx     0x00022e5c        0x8 /home/jiangkun/drone/ESL_V5/software_package/gcc-arm-none-eabi/bin/../lib/gcc/arm-none-eabi/5.4.1/../../../../arm-none-eabi/lib/armv6-m/crt0.o
 .ARM.exidx     0x00022e64        0x0 _build/gcc_startup_nrf51.o
                                  0x8 (size before relaxing)
                0x00022e64                . = ALIGN (0x4)
                0x00022e64                __exidx_end = .
                0x00022e64                __etext = .

.rel.dyn        0x00022e64        0x0
 .rel.iplt      0x00022e64        0x0 /home/jiangkun/drone/ESL_V5/software_package/gcc-arm-none-eabi/bin/../lib/gcc/arm-none-eabi/5.4.1/armv6-m/crtbegin.o

.data           0x20002000       0xa8 load address 0x00022e64
                0x20002000                __data_start__ = .
 *(vtable)
 *(.data*)
 .data.impure_data
                0x20002000       0x60 /home/jiangkun/drone/ESL_V5/software_package/gcc-arm-none-eabi/bin/../lib/gcc/arm-none-eabi/5.4.1/../../../../arm-none-eabi/lib/armv6-m/libc_nano.a(lib_a-impure.o)
 .data._impure_ptr
                0x20002060        0x4 /home/jiangkun/drone/ESL_V5/software_package/gcc-arm-none-eabi/bin/../lib/gcc/arm-none-eabi/5.4.1/../../../../arm-none-eabi/lib/armv6-m/libc_nano.a(lib_a-impure.o)
                0x20002060                _impure_ptr
 .data.txd_available
                0x20002064        0x1 _build/uart.o
                0x20002064                txd_available
 *fill*         0x20002065        0x3 
 .data.st       0x20002068       0x2c _build/inv_mpu.o
 .data.gyro_orientation.7065
                0x20002094        0x9 _build/mpu_wrapper.o
 .data.__fdlib_version
                0x2000209d        0x1 /home/jiangkun/drone/ESL_V5/software_package/gcc-arm-none-eabi/bin/../lib/gcc/arm-none-eabi/5.4.1/../../../../arm-none-eabi/lib/armv6-m/libm.a(lib_a-s_lib_ver.o)
                0x2000209d                __fdlib_version
                0x200020a0                . = ALIGN (0x4)
 *fill*         0x2000209e        0x2 
                0x200020a0                PROVIDE (__preinit_array_start, .)
 *(.preinit_array)
                0x200020a0                PROVIDE (__preinit_array_end, .)
                0x200020a0                . = ALIGN (0x4)
                0x200020a0                PROVIDE (__init_array_start, .)
 *(SORT(.init_array.*))
 *(.init_array)
 .init_array    0x200020a0        0x4 /home/jiangkun/drone/ESL_V5/software_package/gcc-arm-none-eabi/bin/../lib/gcc/arm-none-eabi/5.4.1/armv6-m/crtbegin.o
                0x200020a4                PROVIDE (__init_array_end, .)
                0x200020a4                . = ALIGN (0x4)
                [!provide]                PROVIDE (__fini_array_start, .)
 *(SORT(.fini_array.*))
 *(.fini_array)
 .fini_array    0x200020a4        0x4 /home/jiangkun/drone/ESL_V5/software_package/gcc-arm-none-eabi/bin/../lib/gcc/arm-none-eabi/5.4.1/armv6-m/crtbegin.o
                [!provide]                PROVIDE (__fini_array_end, .)
 *(.jcr)
 .jcr           0x200020a8        0x0 /home/jiangkun/drone/ESL_V5/software_package/gcc-arm-none-eabi/bin/../lib/gcc/arm-none-eabi/5.4.1/armv6-m/crtbegin.o
                0x200020a8                . = ALIGN (0x4)
                0x200020a8                __data_end__ = .

.igot.plt       0x200020a8        0x0 load address 0x00022f0c
 .igot.plt      0x200020a8        0x0 /home/jiangkun/drone/ESL_V5/software_package/gcc-arm-none-eabi/bin/../lib/gcc/arm-none-eabi/5.4.1/armv6-m/crtbegin.o

.bss            0x200020a8      0x798 load address 0x00022f0c
                0x200020a8                . = ALIGN (0x4)
                0x200020a8                __bss_start__ = .
 *(.bss*)
 .bss           0x200020a8       0x1c /home/jiangkun/drone/ESL_V5/software_package/gcc-arm-none-eabi/bin/../lib/gcc/arm-none-eabi/5.4.1/armv6-m/crtbegin.o
 .bss.rx.7110   0x200020c4       0x26 _build/in4073.o
 *fill*         0x200020ea        0x2 
 .bss.APP_TIMER_BUF.7151
                0x200020ec      0x1c8 _build/timers.o
 .bss.quadrupel_timer_data.7154
                0x200022b4       0x20 _build/timers.o
 .bss.telemetry_timer_data.7156
                0x200022d4       0x20 _build/timers.o
 .bss.sent      0x200022f4        0x1 _build/twi.o
 .bss.read      0x200022f5        0x1 _build/twi.o
 *fill*         0x200022f6        0x2 
 .bss.prom      0x200022f8       0x10 _build/baro.o
 .bss.data.7058
                0x20002308        0x2 _build/baro.o
 *fill*         0x2000230a        0x2 
 .bss.spi_config_table
                0x2000230c        0xc _build/spi_flash.o
 .bss.SPI       0x20002318        0x4 _build/spi_flash.o
 .bss.dmp       0x2000231c       0x10 _build/inv_mpu_dmp_motion_driver.o
 .bss.m_ticks_latest
                0x2000232c        0x4 _build/app_timer.o
 .bss.mp_timer_id_head
                0x20002330        0x4 _build/app_timer.o
 .bss.m_evt_schedule_func
                0x20002334        0x4 _build/app_timer.o
 .bss.m_user_array_size
                0x20002338        0x1 _build/app_timer.o
 *fill*         0x20002339        0x3 
 .bss.mp_users  0x2000233c        0x4 _build/app_timer.o
 .bss.m_ticks_elapsed_q_read_ind
                0x20002340        0x1 _build/app_timer.o
 .bss.m_ticks_elapsed_q_write_ind
                0x20002341        0x1 _build/app_timer.o
 .bss.m_rtc1_reset
                0x20002342        0x1 _build/app_timer.o
 *fill*         0x20002343        0x1 
 .bss.m_ticks_elapsed
                0x20002344        0x8 _build/app_timer.o
 .bss.m_rtc1_running
                0x2000234c        0x1 _build/app_timer.o
 .bss.m_softdevice_enabled
                0x2000234d        0x1 _build/softdevice_handler.o
 .bss.m_ble_evt_buffer_size
                0x2000234e        0x2 _build/softdevice_handler.o
 .bss.mp_ble_evt_buffer
                0x20002350        0x4 _build/softdevice_handler.o
 .bss.m_sys_evt_handler
                0x20002354        0x4 _build/softdevice_handler.o
 .bss.m_ble_evt_handler
                0x20002358        0x4 _build/softdevice_handler.o
 .bss.m_evt_schedule_func
                0x2000235c        0x4 _build/softdevice_handler.o
 .bss.__malloc_sbrk_start
                0x20002360        0x4 /home/jiangkun/drone/ESL_V5/software_package/gcc-arm-none-eabi/bin/../lib/gcc/arm-none-eabi/5.4.1/../../../../arm-none-eabi/lib/armv6-m/libc_nano.a(lib_a-nano-mallocr.o)
                0x20002360                __malloc_sbrk_start
 .bss.__malloc_free_list
                0x20002364        0x4 /home/jiangkun/drone/ESL_V5/software_package/gcc-arm-none-eabi/bin/../lib/gcc/arm-none-eabi/5.4.1/../../../../arm-none-eabi/lib/armv6-m/libc_nano.a(lib_a-nano-mallocr.o)
                0x20002364                __malloc_free_list
 .bss.heap_end.4167
                0x20002368        0x4 /home/jiangkun/drone/ESL_V5/software_package/gcc-arm-none-eabi/bin/../lib/gcc/arm-none-eabi/5.4.1/../../../../arm-none-eabi/lib/armv6-m/libnosys.a(sbrk.o)
 *(COMMON)
 COMMON         0x2000236c      0x4c3 _build/in4073.o
                0x2000236c                say
                0x2000236e                p
                0x20002370                sq_off
                0x20002372                psi
                0x20002374                sensor_fifo_count
                0x20002375                safe_print
                0x20002376                p2
                0x20002378                saz
                0x2000237a                cur_mode
                0x2000237c                sr_off
                0x20002380                rx_queue
                0x20002486                phi
                0x20002488                cur_pitch
                0x2000248c                temperature
                0x20002490                theta_off
                0x20002492                old_lift
                0x20002494                lift_force
                0x20002498                theta
                0x2000249c                pressure
                0x200024a0                p1
                0x200024a4                roll_moment
                0x200024a8                pitch_moment
                0x200024ac                tx_queue
                0x200025b2                sax
                0x200025b4                cur_roll
                0x200025b6                sp_off
                0x200025b8                sq
                0x200025ba                old_pitch
                0x200025bb                cur_lift
                0x200025bc                counter
                0x200025c0                bat_volt
                0x200025c4                ble_rx_queue
                0x200026cc                cur_time_us
                0x200026d0                phi_off
                0x200026d2                cur_yaw
                0x200026d4                sp
                0x200026d6                radio_active
                0x200026d8                motor
                0x200026e0                last_correct_checksum_time
                0x200026e4                statefunc
                0x200026e8                battery
                0x200026ec                ble_tx_queue
                0x200027f2                flags
                0x200027f3                old_yaw
                0x200027f4                time_latest_packet_us
                0x200027f8                ae
                0x20002800                old_roll
                0x20002801                connection
                0x20002802                sr
                0x20002804                yaw_moment
                0x20002808                pc_packet
                0x2000282e                demo_done
 *fill*         0x2000282f        0x1 
 COMMON         0x20002830        0x9 _build/timers.o
                0x20002830                telemetry_timer_flag
                0x20002834                global_time
                0x20002838                timer_flag
 *fill*         0x20002839        0x3 
 COMMON         0x2000283c        0x4 /home/jiangkun/drone/ESL_V5/software_package/gcc-arm-none-eabi/bin/../lib/gcc/arm-none-eabi/5.4.1/../../../../arm-none-eabi/lib/armv6-m/libc_nano.a(lib_a-reent.o)
                0x2000283c                errno
                0x20002840                . = ALIGN (0x4)
                0x20002840                __bss_end__ = .

.heap           0x20002840      0x800
                0x20002840                __end__ = .
                0x20002840                end = __end__
 *(.heap*)
 .heap          0x20002840      0x800 _build/gcc_startup_nrf51.o
                0x20002840                __HeapBase
                0x20003040                __HeapLimit = .

.stack_dummy    0x20002840      0x800
 *(.stack*)
 .stack         0x20002840      0x800 _build/gcc_startup_nrf51.o
                0x20004000                __StackTop = (ORIGIN (RAM) + LENGTH (RAM))
                0x20003800                __StackLimit = (__StackTop - SIZEOF (.stack_dummy))
                0x20004000                PROVIDE (__stack, __StackTop)
                0x00000001                ASSERT ((__StackLimit >= __HeapLimit), region RAM overflowed with stack)
OUTPUT(_build/in4073.out elf32-littlearm)

.ARM.attributes
                0x00000000       0x28
 .ARM.attributes
                0x00000000       0x1e /home/jiangkun/drone/ESL_V5/software_package/gcc-arm-none-eabi/bin/../lib/gcc/arm-none-eabi/5.4.1/armv6-m/crti.o
 .ARM.attributes
                0x0000001e       0x2c /home/jiangkun/drone/ESL_V5/software_package/gcc-arm-none-eabi/bin/../lib/gcc/arm-none-eabi/5.4.1/armv6-m/crtbegin.o
 .ARM.attributes
                0x0000004a       0x1b /home/jiangkun/drone/ESL_V5/software_package/gcc-arm-none-eabi/bin/../lib/gcc/arm-none-eabi/5.4.1/../../../../arm-none-eabi/lib/armv6-m/crt0.o
 .ARM.attributes
                0x00000065       0x2c /home/jiangkun/drone/ESL_V5/software_package/gcc-arm-none-eabi/bin/../lib/gcc/arm-none-eabi/5.4.1/../../../../arm-none-eabi/lib/armv6-m/libc_nano.a(lib_a-exit.o)
 .ARM.attributes
                0x00000091       0x2c /home/jiangkun/drone/ESL_V5/software_package/gcc-arm-none-eabi/bin/../lib/gcc/arm-none-eabi/5.4.1/../../../../arm-none-eabi/lib/armv6-m/libc_nano.a(lib_a-impure.o)
 .ARM.attributes
                0x000000bd       0x2c /home/jiangkun/drone/ESL_V5/software_package/gcc-arm-none-eabi/bin/../lib/gcc/arm-none-eabi/5.4.1/../../../../arm-none-eabi/lib/armv6-m/libc_nano.a(lib_a-init.o)
 .ARM.attributes
                0x000000e9       0x2c /home/jiangkun/drone/ESL_V5/software_package/gcc-arm-none-eabi/bin/../lib/gcc/arm-none-eabi/5.4.1/../../../../arm-none-eabi/lib/armv6-m/libc_nano.a(lib_a-memset.o)
 .ARM.attributes
                0x00000115       0x2c /home/jiangkun/drone/ESL_V5/software_package/gcc-arm-none-eabi/bin/../lib/gcc/arm-none-eabi/5.4.1/../../../../arm-none-eabi/lib/armv6-m/libnosys.a(_exit.o)
 .ARM.attributes
                0x00000141       0x31 _build/system_nrf51.o
 .ARM.attributes
                0x00000172       0x31 _build/nrf_delay.o
 .ARM.attributes
                0x000001a3       0x31 _build/in4073.o
 .ARM.attributes
                0x000001d4       0x31 _build/protocol.o
 .ARM.attributes
                0x00000205       0x31 _build/control.o
 .ARM.attributes
                0x00000236       0x31 _build/gpio.o
 .ARM.attributes
                0x00000267       0x31 _build/timers.o
 .ARM.attributes
                0x00000298       0x31 _build/uart.o
 .ARM.attributes
                0x000002c9       0x31 _build/queue.o
 .ARM.attributes
                0x000002fa       0x31 _build/twi.o
 .ARM.attributes
                0x0000032b       0x31 _build/adc.o
 .ARM.attributes
                0x0000035c       0x31 _build/baro.o
 .ARM.attributes
                0x0000038d       0x31 _build/ble.o
 .ARM.attributes
                0x000003be       0x31 _build/spi_flash.o
 .ARM.attributes
                0x000003ef       0x31 _build/inv_mpu.o
 .ARM.attributes
                0x00000420       0x31 _build/inv_mpu_dmp_motion_driver.o
 .ARM.attributes
                0x00000451       0x31 _build/ml.o
 .ARM.attributes
                0x00000482       0x31 _build/mpu_wrapper.o
 .ARM.attributes
                0x000004b3       0x31 _build/app_error.o
 .ARM.attributes
                0x000004e4       0x31 _build/app_timer.o
 .ARM.attributes
                0x00000515       0x31 _build/softdevice_handler.o
 .ARM.attributes
                0x00000546       0x1b _build/gcc_startup_nrf51.o
 .ARM.attributes
                0x00000561       0x2c /home/jiangkun/drone/ESL_V5/software_package/gcc-arm-none-eabi/bin/../lib/gcc/arm-none-eabi/5.4.1/../../../../arm-none-eabi/lib/armv6-m/libm.a(lib_a-s_fabs.o)
 .ARM.attributes
                0x0000058d       0x2c /home/jiangkun/drone/ESL_V5/software_package/gcc-arm-none-eabi/bin/../lib/gcc/arm-none-eabi/5.4.1/../../../../arm-none-eabi/lib/armv6-m/libm.a(lib_a-w_asin.o)
 .ARM.attributes
                0x000005b9       0x2c /home/jiangkun/drone/ESL_V5/software_package/gcc-arm-none-eabi/bin/../lib/gcc/arm-none-eabi/5.4.1/../../../../arm-none-eabi/lib/armv6-m/libm.a(lib_a-w_atan2.o)
 .ARM.attributes
                0x000005e5       0x2c /home/jiangkun/drone/ESL_V5/software_package/gcc-arm-none-eabi/bin/../lib/gcc/arm-none-eabi/5.4.1/../../../../arm-none-eabi/lib/armv6-m/libm.a(lib_a-e_asin.o)
 .ARM.attributes
                0x00000611       0x2c /home/jiangkun/drone/ESL_V5/software_package/gcc-arm-none-eabi/bin/../lib/gcc/arm-none-eabi/5.4.1/../../../../arm-none-eabi/lib/armv6-m/libm.a(lib_a-e_atan2.o)
 .ARM.attributes
                0x0000063d       0x2c /home/jiangkun/drone/ESL_V5/software_package/gcc-arm-none-eabi/bin/../lib/gcc/arm-none-eabi/5.4.1/../../../../arm-none-eabi/lib/armv6-m/libm.a(lib_a-e_sqrt.o)
 .ARM.attributes
                0x00000669       0x2c /home/jiangkun/drone/ESL_V5/software_package/gcc-arm-none-eabi/bin/../lib/gcc/arm-none-eabi/5.4.1/../../../../arm-none-eabi/lib/armv6-m/libm.a(lib_a-s_atan.o)
 .ARM.attributes
                0x00000695       0x2c /home/jiangkun/drone/ESL_V5/software_package/gcc-arm-none-eabi/bin/../lib/gcc/arm-none-eabi/5.4.1/../../../../arm-none-eabi/lib/armv6-m/libm.a(lib_a-s_lib_ver.o)
 .ARM.attributes
                0x000006c1       0x2c /home/jiangkun/drone/ESL_V5/software_package/gcc-arm-none-eabi/bin/../lib/gcc/arm-none-eabi/5.4.1/../../../../arm-none-eabi/lib/armv6-m/libm.a(lib_a-s_matherr.o)
 .ARM.attributes
                0x000006ed       0x2c /home/jiangkun/drone/ESL_V5/software_package/gcc-arm-none-eabi/bin/../lib/gcc/arm-none-eabi/5.4.1/../../../../arm-none-eabi/lib/armv6-m/libm.a(lib_a-s_nan.o)
 .ARM.attributes
                0x00000719       0x1e /home/jiangkun/drone/ESL_V5/software_package/gcc-arm-none-eabi/bin/../lib/gcc/arm-none-eabi/5.4.1/armv6-m/libgcc.a(_udivsi3.o)
 .ARM.attributes
                0x00000737       0x1e /home/jiangkun/drone/ESL_V5/software_package/gcc-arm-none-eabi/bin/../lib/gcc/arm-none-eabi/5.4.1/armv6-m/libgcc.a(_divsi3.o)
 .ARM.attributes
                0x00000755       0x1e /home/jiangkun/drone/ESL_V5/software_package/gcc-arm-none-eabi/bin/../lib/gcc/arm-none-eabi/5.4.1/armv6-m/libgcc.a(_dvmd_tls.o)
 .ARM.attributes
                0x00000773       0x1e /home/jiangkun/drone/ESL_V5/software_package/gcc-arm-none-eabi/bin/../lib/gcc/arm-none-eabi/5.4.1/armv6-m/libgcc.a(_arm_cmpdf2.o)
 .ARM.attributes
                0x00000791       0x1e /home/jiangkun/drone/ESL_V5/software_package/gcc-arm-none-eabi/bin/../lib/gcc/arm-none-eabi/5.4.1/armv6-m/libgcc.a(_arm_cmpsf2.o)
 .ARM.attributes
                0x000007af       0x2c /home/jiangkun/drone/ESL_V5/software_package/gcc-arm-none-eabi/bin/../lib/gcc/arm-none-eabi/5.4.1/armv6-m/libgcc.a(_fixunssfsi.o)
 .ARM.attributes
                0x000007db       0x2c /home/jiangkun/drone/ESL_V5/software_package/gcc-arm-none-eabi/bin/../lib/gcc/arm-none-eabi/5.4.1/armv6-m/libgcc.a(addsf3.o)
 .ARM.attributes
                0x00000807       0x2c /home/jiangkun/drone/ESL_V5/software_package/gcc-arm-none-eabi/bin/../lib/gcc/arm-none-eabi/5.4.1/armv6-m/libgcc.a(divsf3.o)
 .ARM.attributes
                0x00000833       0x2c /home/jiangkun/drone/ESL_V5/software_package/gcc-arm-none-eabi/bin/../lib/gcc/arm-none-eabi/5.4.1/armv6-m/libgcc.a(eqsf2.o)
 .ARM.attributes
                0x0000085f       0x2c /home/jiangkun/drone/ESL_V5/software_package/gcc-arm-none-eabi/bin/../lib/gcc/arm-none-eabi/5.4.1/armv6-m/libgcc.a(gesf2.o)
 .ARM.attributes
                0x0000088b       0x2c /home/jiangkun/drone/ESL_V5/software_package/gcc-arm-none-eabi/bin/../lib/gcc/arm-none-eabi/5.4.1/armv6-m/libgcc.a(lesf2.o)
 .ARM.attributes
                0x000008b7       0x2c /home/jiangkun/drone/ESL_V5/software_package/gcc-arm-none-eabi/bin/../lib/gcc/arm-none-eabi/5.4.1/armv6-m/libgcc.a(mulsf3.o)
 .ARM.attributes
                0x000008e3       0x2c /home/jiangkun/drone/ESL_V5/software_package/gcc-arm-none-eabi/bin/../lib/gcc/arm-none-eabi/5.4.1/armv6-m/libgcc.a(subsf3.o)
 .ARM.attributes
                0x0000090f       0x2c /home/jiangkun/drone/ESL_V5/software_package/gcc-arm-none-eabi/bin/../lib/gcc/arm-none-eabi/5.4.1/armv6-m/libgcc.a(fixsfsi.o)
 .ARM.attributes
                0x0000093b       0x2c /home/jiangkun/drone/ESL_V5/software_package/gcc-arm-none-eabi/bin/../lib/gcc/arm-none-eabi/5.4.1/armv6-m/libgcc.a(floatsisf.o)
 .ARM.attributes
                0x00000967       0x2c /home/jiangkun/drone/ESL_V5/software_package/gcc-arm-none-eabi/bin/../lib/gcc/arm-none-eabi/5.4.1/armv6-m/libgcc.a(floatunsisf.o)
 .ARM.attributes
                0x00000993       0x2c /home/jiangkun/drone/ESL_V5/software_package/gcc-arm-none-eabi/bin/../lib/gcc/arm-none-eabi/5.4.1/armv6-m/libgcc.a(adddf3.o)
 .ARM.attributes
                0x000009bf       0x2c /home/jiangkun/drone/ESL_V5/software_package/gcc-arm-none-eabi/bin/../lib/gcc/arm-none-eabi/5.4.1/armv6-m/libgcc.a(divdf3.o)
 .ARM.attributes
                0x000009eb       0x2c /home/jiangkun/drone/ESL_V5/software_package/gcc-arm-none-eabi/bin/../lib/gcc/arm-none-eabi/5.4.1/armv6-m/libgcc.a(eqdf2.o)
 .ARM.attributes
                0x00000a17       0x2c /home/jiangkun/drone/ESL_V5/software_package/gcc-arm-none-eabi/bin/../lib/gcc/arm-none-eabi/5.4.1/armv6-m/libgcc.a(gedf2.o)
 .ARM.attributes
                0x00000a43       0x2c /home/jiangkun/drone/ESL_V5/software_package/gcc-arm-none-eabi/bin/../lib/gcc/arm-none-eabi/5.4.1/armv6-m/libgcc.a(ledf2.o)
 .ARM.attributes
                0x00000a6f       0x2c /home/jiangkun/drone/ESL_V5/software_package/gcc-arm-none-eabi/bin/../lib/gcc/arm-none-eabi/5.4.1/armv6-m/libgcc.a(muldf3.o)
 .ARM.attributes
                0x00000a9b       0x2c /home/jiangkun/drone/ESL_V5/software_package/gcc-arm-none-eabi/bin/../lib/gcc/arm-none-eabi/5.4.1/armv6-m/libgcc.a(subdf3.o)
 .ARM.attributes
                0x00000ac7       0x2c /home/jiangkun/drone/ESL_V5/software_package/gcc-arm-none-eabi/bin/../lib/gcc/arm-none-eabi/5.4.1/armv6-m/libgcc.a(unorddf2.o)
 .ARM.attributes
                0x00000af3       0x2c /home/jiangkun/drone/ESL_V5/software_package/gcc-arm-none-eabi/bin/../lib/gcc/arm-none-eabi/5.4.1/armv6-m/libgcc.a(fixdfsi.o)
 .ARM.attributes
                0x00000b1f       0x2c /home/jiangkun/drone/ESL_V5/software_package/gcc-arm-none-eabi/bin/../lib/gcc/arm-none-eabi/5.4.1/armv6-m/libgcc.a(extendsfdf2.o)
 .ARM.attributes
                0x00000b4b       0x1e /home/jiangkun/drone/ESL_V5/software_package/gcc-arm-none-eabi/bin/../lib/gcc/arm-none-eabi/5.4.1/armv6-m/libgcc.a(_clzsi2.o)
 .ARM.attributes
                0x00000b69       0x2c /home/jiangkun/drone/ESL_V5/software_package/gcc-arm-none-eabi/bin/../lib/gcc/arm-none-eabi/5.4.1/../../../../arm-none-eabi/lib/armv6-m/libc_nano.a(lib_a-errno.o)
 .ARM.attributes
                0x00000b95       0x2c /home/jiangkun/drone/ESL_V5/software_package/gcc-arm-none-eabi/bin/../lib/gcc/arm-none-eabi/5.4.1/../../../../arm-none-eabi/lib/armv6-m/libc_nano.a(lib_a-memcmp.o)
 .ARM.attributes
                0x00000bc1       0x2c /home/jiangkun/drone/ESL_V5/software_package/gcc-arm-none-eabi/bin/../lib/gcc/arm-none-eabi/5.4.1/../../../../arm-none-eabi/lib/armv6-m/libc_nano.a(lib_a-memcpy-stub.o)
 .ARM.attributes
                0x00000bed       0x2c /home/jiangkun/drone/ESL_V5/software_package/gcc-arm-none-eabi/bin/../lib/gcc/arm-none-eabi/5.4.1/../../../../arm-none-eabi/lib/armv6-m/libc_nano.a(lib_a-printf.o)
 .ARM.attributes
                0x00000c19       0x2c /home/jiangkun/drone/ESL_V5/software_package/gcc-arm-none-eabi/bin/../lib/gcc/arm-none-eabi/5.4.1/../../../../arm-none-eabi/lib/armv6-m/libc_nano.a(lib_a-findfp.o)
 .ARM.attributes
                0x00000c45       0x2c /home/jiangkun/drone/ESL_V5/software_package/gcc-arm-none-eabi/bin/../lib/gcc/arm-none-eabi/5.4.1/../../../../arm-none-eabi/lib/armv6-m/libc_nano.a(lib_a-fwalk.o)
 .ARM.attributes
                0x00000c71       0x2c /home/jiangkun/drone/ESL_V5/software_package/gcc-arm-none-eabi/bin/../lib/gcc/arm-none-eabi/5.4.1/../../../../arm-none-eabi/lib/armv6-m/libc_nano.a(lib_a-nano-mallocr.o)
 .ARM.attributes
                0x00000c9d       0x2c /home/jiangkun/drone/ESL_V5/software_package/gcc-arm-none-eabi/bin/../lib/gcc/arm-none-eabi/5.4.1/../../../../arm-none-eabi/lib/armv6-m/libc_nano.a(lib_a-nano-vfprintf.o)
 .ARM.attributes
                0x00000cc9       0x2c /home/jiangkun/drone/ESL_V5/software_package/gcc-arm-none-eabi/bin/../lib/gcc/arm-none-eabi/5.4.1/../../../../arm-none-eabi/lib/armv6-m/libc_nano.a(lib_a-nano-vfprintf_i.o)
 .ARM.attributes
                0x00000cf5       0x2c /home/jiangkun/drone/ESL_V5/software_package/gcc-arm-none-eabi/bin/../lib/gcc/arm-none-eabi/5.4.1/../../../../arm-none-eabi/lib/armv6-m/libc_nano.a(lib_a-sbrkr.o)
 .ARM.attributes
                0x00000d21       0x2c /home/jiangkun/drone/ESL_V5/software_package/gcc-arm-none-eabi/bin/../lib/gcc/arm-none-eabi/5.4.1/../../../../arm-none-eabi/lib/armv6-m/libc_nano.a(lib_a-stdio.o)
 .ARM.attributes
                0x00000d4d       0x2c /home/jiangkun/drone/ESL_V5/software_package/gcc-arm-none-eabi/bin/../lib/gcc/arm-none-eabi/5.4.1/../../../../arm-none-eabi/lib/armv6-m/libc_nano.a(lib_a-wbuf.o)
 .ARM.attributes
                0x00000d79       0x2c /home/jiangkun/drone/ESL_V5/software_package/gcc-arm-none-eabi/bin/../lib/gcc/arm-none-eabi/5.4.1/../../../../arm-none-eabi/lib/armv6-m/libc_nano.a(lib_a-writer.o)
 .ARM.attributes
                0x00000da5       0x2c /home/jiangkun/drone/ESL_V5/software_package/gcc-arm-none-eabi/bin/../lib/gcc/arm-none-eabi/5.4.1/../../../../arm-none-eabi/lib/armv6-m/libc_nano.a(lib_a-wsetup.o)
 .ARM.attributes
                0x00000dd1       0x2c /home/jiangkun/drone/ESL_V5/software_package/gcc-arm-none-eabi/bin/../lib/gcc/arm-none-eabi/5.4.1/../../../../arm-none-eabi/lib/armv6-m/libc_nano.a(lib_a-closer.o)
 .ARM.attributes
                0x00000dfd       0x2c /home/jiangkun/drone/ESL_V5/software_package/gcc-arm-none-eabi/bin/../lib/gcc/arm-none-eabi/5.4.1/../../../../arm-none-eabi/lib/armv6-m/libc_nano.a(lib_a-fflush.o)
 .ARM.attributes
                0x00000e29       0x2c /home/jiangkun/drone/ESL_V5/software_package/gcc-arm-none-eabi/bin/../lib/gcc/arm-none-eabi/5.4.1/../../../../arm-none-eabi/lib/armv6-m/libc_nano.a(lib_a-lseekr.o)
 .ARM.attributes
                0x00000e55       0x2c /home/jiangkun/drone/ESL_V5/software_package/gcc-arm-none-eabi/bin/../lib/gcc/arm-none-eabi/5.4.1/../../../../arm-none-eabi/lib/armv6-m/libc_nano.a(lib_a-makebuf.o)
 .ARM.attributes
                0x00000e81       0x2c /home/jiangkun/drone/ESL_V5/software_package/gcc-arm-none-eabi/bin/../lib/gcc/arm-none-eabi/5.4.1/../../../../arm-none-eabi/lib/armv6-m/libc_nano.a(lib_a-memchr-stub.o)
 .ARM.attributes
                0x00000ead       0x2c /home/jiangkun/drone/ESL_V5/software_package/gcc-arm-none-eabi/bin/../lib/gcc/arm-none-eabi/5.4.1/../../../../arm-none-eabi/lib/armv6-m/libc_nano.a(lib_a-mlock.o)
 .ARM.attributes
                0x00000ed9       0x2c /home/jiangkun/drone/ESL_V5/software_package/gcc-arm-none-eabi/bin/../lib/gcc/arm-none-eabi/5.4.1/../../../../arm-none-eabi/lib/armv6-m/libc_nano.a(lib_a-nano-freer.o)
 .ARM.attributes
                0x00000f05       0x2c /home/jiangkun/drone/ESL_V5/software_package/gcc-arm-none-eabi/bin/../lib/gcc/arm-none-eabi/5.4.1/../../../../arm-none-eabi/lib/armv6-m/libc_nano.a(lib_a-readr.o)
 .ARM.attributes
                0x00000f31       0x2c /home/jiangkun/drone/ESL_V5/software_package/gcc-arm-none-eabi/bin/../lib/gcc/arm-none-eabi/5.4.1/../../../../arm-none-eabi/lib/armv6-m/libc_nano.a(lib_a-reent.o)
 .ARM.attributes
                0x00000f5d       0x2c /home/jiangkun/drone/ESL_V5/software_package/gcc-arm-none-eabi/bin/../lib/gcc/arm-none-eabi/5.4.1/../../../../arm-none-eabi/lib/armv6-m/libc_nano.a(lib_a-fstatr.o)
 .ARM.attributes
                0x00000f89       0x2c /home/jiangkun/drone/ESL_V5/software_package/gcc-arm-none-eabi/bin/../lib/gcc/arm-none-eabi/5.4.1/../../../../arm-none-eabi/lib/armv6-m/libc_nano.a(lib_a-isattyr.o)
 .ARM.attributes
                0x00000fb5       0x1e /home/jiangkun/drone/ESL_V5/software_package/gcc-arm-none-eabi/bin/../lib/gcc/arm-none-eabi/5.4.1/armv6-m/crtn.o
 .ARM.attributes
                0x00000fd3       0x2c /home/jiangkun/drone/ESL_V5/software_package/gcc-arm-none-eabi/bin/../lib/gcc/arm-none-eabi/5.4.1/../../../../arm-none-eabi/lib/armv6-m/libnosys.a(close.o)
 .ARM.attributes
                0x00000fff       0x2c /home/jiangkun/drone/ESL_V5/software_package/gcc-arm-none-eabi/bin/../lib/gcc/arm-none-eabi/5.4.1/../../../../arm-none-eabi/lib/armv6-m/libnosys.a(fstat.o)
 .ARM.attributes
                0x0000102b       0x2c /home/jiangkun/drone/ESL_V5/software_package/gcc-arm-none-eabi/bin/../lib/gcc/arm-none-eabi/5.4.1/../../../../arm-none-eabi/lib/armv6-m/libnosys.a(isatty.o)
 .ARM.attributes
                0x00001057       0x2c /home/jiangkun/drone/ESL_V5/software_package/gcc-arm-none-eabi/bin/../lib/gcc/arm-none-eabi/5.4.1/../../../../arm-none-eabi/lib/armv6-m/libnosys.a(lseek.o)
 .ARM.attributes
                0x00001083       0x2c /home/jiangkun/drone/ESL_V5/software_package/gcc-arm-none-eabi/bin/../lib/gcc/arm-none-eabi/5.4.1/../../../../arm-none-eabi/lib/armv6-m/libnosys.a(read.o)
 .ARM.attributes
                0x000010af       0x2c /home/jiangkun/drone/ESL_V5/software_package/gcc-arm-none-eabi/bin/../lib/gcc/arm-none-eabi/5.4.1/../../../../arm-none-eabi/lib/armv6-m/libnosys.a(sbrk.o)

.comment        0x00000000       0x6e
 .comment       0x00000000       0x6e _build/system_nrf51.o
                                 0x6f (size before relaxing)
 .comment       0x0000006e       0x6f _build/nrf_delay.o
 .comment       0x0000006e       0x6f _build/in4073.o
 .comment       0x0000006e       0x6f _build/protocol.o
 .comment       0x0000006e       0x6f _build/control.o
 .comment       0x0000006e       0x6f _build/gpio.o
 .comment       0x0000006e       0x6f _build/timers.o
 .comment       0x0000006e       0x6f _build/uart.o
 .comment       0x0000006e       0x6f _build/queue.o
 .comment       0x0000006e       0x6f _build/twi.o
 .comment       0x0000006e       0x6f _build/adc.o
 .comment       0x0000006e       0x6f _build/baro.o
 .comment       0x0000006e       0x6f _build/ble.o
 .comment       0x0000006e       0x6f _build/spi_flash.o
 .comment       0x0000006e       0x6f _build/inv_mpu.o
 .comment       0x0000006e       0x6f _build/inv_mpu_dmp_motion_driver.o
 .comment       0x0000006e       0x6f _build/ml.o
 .comment       0x0000006e       0x6f _build/mpu_wrapper.o
 .comment       0x0000006e       0x6f _build/app_error.o
 .comment       0x0000006e       0x6f _build/app_timer.o
 .comment       0x0000006e       0x6f _build/softdevice_handler.o

.debug_frame    0x00000000      0xe84
 .debug_frame   0x00000000       0x28 /home/jiangkun/drone/ESL_V5/software_package/gcc-arm-none-eabi/bin/../lib/gcc/arm-none-eabi/5.4.1/../../../../arm-none-eabi/lib/armv6-m/libc_nano.a(lib_a-exit.o)
 .debug_frame   0x00000028       0x2c /home/jiangkun/drone/ESL_V5/software_package/gcc-arm-none-eabi/bin/../lib/gcc/arm-none-eabi/5.4.1/../../../../arm-none-eabi/lib/armv6-m/libc_nano.a(lib_a-init.o)
 .debug_frame   0x00000054       0x20 /home/jiangkun/drone/ESL_V5/software_package/gcc-arm-none-eabi/bin/../lib/gcc/arm-none-eabi/5.4.1/../../../../arm-none-eabi/lib/armv6-m/libc_nano.a(lib_a-memset.o)
 .debug_frame   0x00000074       0x20 /home/jiangkun/drone/ESL_V5/software_package/gcc-arm-none-eabi/bin/../lib/gcc/arm-none-eabi/5.4.1/../../../../arm-none-eabi/lib/armv6-m/libnosys.a(_exit.o)
 .debug_frame   0x00000094       0x20 /home/jiangkun/drone/ESL_V5/software_package/gcc-arm-none-eabi/bin/../lib/gcc/arm-none-eabi/5.4.1/../../../../arm-none-eabi/lib/armv6-m/libm.a(lib_a-s_fabs.o)
 .debug_frame   0x000000b4       0x38 /home/jiangkun/drone/ESL_V5/software_package/gcc-arm-none-eabi/bin/../lib/gcc/arm-none-eabi/5.4.1/../../../../arm-none-eabi/lib/armv6-m/libm.a(lib_a-w_asin.o)
 .debug_frame   0x000000ec       0x28 /home/jiangkun/drone/ESL_V5/software_package/gcc-arm-none-eabi/bin/../lib/gcc/arm-none-eabi/5.4.1/../../../../arm-none-eabi/lib/armv6-m/libm.a(lib_a-w_atan2.o)
 .debug_frame   0x00000114       0x38 /home/jiangkun/drone/ESL_V5/software_package/gcc-arm-none-eabi/bin/../lib/gcc/arm-none-eabi/5.4.1/../../../../arm-none-eabi/lib/armv6-m/libm.a(lib_a-e_asin.o)
 .debug_frame   0x0000014c       0x38 /home/jiangkun/drone/ESL_V5/software_package/gcc-arm-none-eabi/bin/../lib/gcc/arm-none-eabi/5.4.1/../../../../arm-none-eabi/lib/armv6-m/libm.a(lib_a-e_atan2.o)
 .debug_frame   0x00000184       0x3c /home/jiangkun/drone/ESL_V5/software_package/gcc-arm-none-eabi/bin/../lib/gcc/arm-none-eabi/5.4.1/../../../../arm-none-eabi/lib/armv6-m/libm.a(lib_a-e_sqrt.o)
 .debug_frame   0x000001c0       0x3c /home/jiangkun/drone/ESL_V5/software_package/gcc-arm-none-eabi/bin/../lib/gcc/arm-none-eabi/5.4.1/../../../../arm-none-eabi/lib/armv6-m/libm.a(lib_a-s_atan.o)
 .debug_frame   0x000001fc       0x20 /home/jiangkun/drone/ESL_V5/software_package/gcc-arm-none-eabi/bin/../lib/gcc/arm-none-eabi/5.4.1/../../../../arm-none-eabi/lib/armv6-m/libm.a(lib_a-s_matherr.o)
 .debug_frame   0x0000021c       0x20 /home/jiangkun/drone/ESL_V5/software_package/gcc-arm-none-eabi/bin/../lib/gcc/arm-none-eabi/5.4.1/../../../../arm-none-eabi/lib/armv6-m/libm.a(lib_a-s_nan.o)
 .debug_frame   0x0000023c       0x20 /home/jiangkun/drone/ESL_V5/software_package/gcc-arm-none-eabi/bin/../lib/gcc/arm-none-eabi/5.4.1/armv6-m/libgcc.a(_udivsi3.o)
 .debug_frame   0x0000025c       0x20 /home/jiangkun/drone/ESL_V5/software_package/gcc-arm-none-eabi/bin/../lib/gcc/arm-none-eabi/5.4.1/armv6-m/libgcc.a(_divsi3.o)
 .debug_frame   0x0000027c       0x28 /home/jiangkun/drone/ESL_V5/software_package/gcc-arm-none-eabi/bin/../lib/gcc/arm-none-eabi/5.4.1/armv6-m/libgcc.a(_fixunssfsi.o)
 .debug_frame   0x000002a4       0x30 /home/jiangkun/drone/ESL_V5/software_package/gcc-arm-none-eabi/bin/../lib/gcc/arm-none-eabi/5.4.1/armv6-m/libgcc.a(addsf3.o)
 .debug_frame   0x000002d4       0x3c /home/jiangkun/drone/ESL_V5/software_package/gcc-arm-none-eabi/bin/../lib/gcc/arm-none-eabi/5.4.1/armv6-m/libgcc.a(divsf3.o)
 .debug_frame   0x00000310       0x2c /home/jiangkun/drone/ESL_V5/software_package/gcc-arm-none-eabi/bin/../lib/gcc/arm-none-eabi/5.4.1/armv6-m/libgcc.a(eqsf2.o)
 .debug_frame   0x0000033c       0x30 /home/jiangkun/drone/ESL_V5/software_package/gcc-arm-none-eabi/bin/../lib/gcc/arm-none-eabi/5.4.1/armv6-m/libgcc.a(gesf2.o)
 .debug_frame   0x0000036c       0x30 /home/jiangkun/drone/ESL_V5/software_package/gcc-arm-none-eabi/bin/../lib/gcc/arm-none-eabi/5.4.1/armv6-m/libgcc.a(lesf2.o)
 .debug_frame   0x0000039c       0x38 /home/jiangkun/drone/ESL_V5/software_package/gcc-arm-none-eabi/bin/../lib/gcc/arm-none-eabi/5.4.1/armv6-m/libgcc.a(mulsf3.o)
 .debug_frame   0x000003d4       0x30 /home/jiangkun/drone/ESL_V5/software_package/gcc-arm-none-eabi/bin/../lib/gcc/arm-none-eabi/5.4.1/armv6-m/libgcc.a(subsf3.o)
 .debug_frame   0x00000404       0x20 /home/jiangkun/drone/ESL_V5/software_package/gcc-arm-none-eabi/bin/../lib/gcc/arm-none-eabi/5.4.1/armv6-m/libgcc.a(fixsfsi.o)
 .debug_frame   0x00000424       0x2c /home/jiangkun/drone/ESL_V5/software_package/gcc-arm-none-eabi/bin/../lib/gcc/arm-none-eabi/5.4.1/armv6-m/libgcc.a(floatsisf.o)
 .debug_frame   0x00000450       0x2c /home/jiangkun/drone/ESL_V5/software_package/gcc-arm-none-eabi/bin/../lib/gcc/arm-none-eabi/5.4.1/armv6-m/libgcc.a(floatunsisf.o)
 .debug_frame   0x0000047c       0x3c /home/jiangkun/drone/ESL_V5/software_package/gcc-arm-none-eabi/bin/../lib/gcc/arm-none-eabi/5.4.1/armv6-m/libgcc.a(adddf3.o)
 .debug_frame   0x000004b8       0x3c /home/jiangkun/drone/ESL_V5/software_package/gcc-arm-none-eabi/bin/../lib/gcc/arm-none-eabi/5.4.1/armv6-m/libgcc.a(divdf3.o)
 .debug_frame   0x000004f4       0x38 /home/jiangkun/drone/ESL_V5/software_package/gcc-arm-none-eabi/bin/../lib/gcc/arm-none-eabi/5.4.1/armv6-m/libgcc.a(eqdf2.o)
 .debug_frame   0x0000052c       0x38 /home/jiangkun/drone/ESL_V5/software_package/gcc-arm-none-eabi/bin/../lib/gcc/arm-none-eabi/5.4.1/armv6-m/libgcc.a(gedf2.o)
 .debug_frame   0x00000564       0x38 /home/jiangkun/drone/ESL_V5/software_package/gcc-arm-none-eabi/bin/../lib/gcc/arm-none-eabi/5.4.1/armv6-m/libgcc.a(ledf2.o)
 .debug_frame   0x0000059c       0x3c /home/jiangkun/drone/ESL_V5/software_package/gcc-arm-none-eabi/bin/../lib/gcc/arm-none-eabi/5.4.1/armv6-m/libgcc.a(muldf3.o)
 .debug_frame   0x000005d8       0x38 /home/jiangkun/drone/ESL_V5/software_package/gcc-arm-none-eabi/bin/../lib/gcc/arm-none-eabi/5.4.1/armv6-m/libgcc.a(subdf3.o)
 .debug_frame   0x00000610       0x2c /home/jiangkun/drone/ESL_V5/software_package/gcc-arm-none-eabi/bin/../lib/gcc/arm-none-eabi/5.4.1/armv6-m/libgcc.a(unorddf2.o)
 .debug_frame   0x0000063c       0x2c /home/jiangkun/drone/ESL_V5/software_package/gcc-arm-none-eabi/bin/../lib/gcc/arm-none-eabi/5.4.1/armv6-m/libgcc.a(fixdfsi.o)
 .debug_frame   0x00000668       0x2c /home/jiangkun/drone/ESL_V5/software_package/gcc-arm-none-eabi/bin/../lib/gcc/arm-none-eabi/5.4.1/armv6-m/libgcc.a(extendsfdf2.o)
 .debug_frame   0x00000694       0x20 /home/jiangkun/drone/ESL_V5/software_package/gcc-arm-none-eabi/bin/../lib/gcc/arm-none-eabi/5.4.1/../../../../arm-none-eabi/lib/armv6-m/libc_nano.a(lib_a-errno.o)
 .debug_frame   0x000006b4       0x2c /home/jiangkun/drone/ESL_V5/software_package/gcc-arm-none-eabi/bin/../lib/gcc/arm-none-eabi/5.4.1/../../../../arm-none-eabi/lib/armv6-m/libc_nano.a(lib_a-memcmp.o)
 .debug_frame   0x000006e0       0x28 /home/jiangkun/drone/ESL_V5/software_package/gcc-arm-none-eabi/bin/../lib/gcc/arm-none-eabi/5.4.1/../../../../arm-none-eabi/lib/armv6-m/libc_nano.a(lib_a-memcpy-stub.o)
 .debug_frame   0x00000708       0x50 /home/jiangkun/drone/ESL_V5/software_package/gcc-arm-none-eabi/bin/../lib/gcc/arm-none-eabi/5.4.1/../../../../arm-none-eabi/lib/armv6-m/libc_nano.a(lib_a-printf.o)
 .debug_frame   0x00000758      0x140 /home/jiangkun/drone/ESL_V5/software_package/gcc-arm-none-eabi/bin/../lib/gcc/arm-none-eabi/5.4.1/../../../../arm-none-eabi/lib/armv6-m/libc_nano.a(lib_a-findfp.o)
 .debug_frame   0x00000898       0x58 /home/jiangkun/drone/ESL_V5/software_package/gcc-arm-none-eabi/bin/../lib/gcc/arm-none-eabi/5.4.1/../../../../arm-none-eabi/lib/armv6-m/libc_nano.a(lib_a-fwalk.o)
 .debug_frame   0x000008f0       0x2c /home/jiangkun/drone/ESL_V5/software_package/gcc-arm-none-eabi/bin/../lib/gcc/arm-none-eabi/5.4.1/../../../../arm-none-eabi/lib/armv6-m/libc_nano.a(lib_a-nano-mallocr.o)
 .debug_frame   0x0000091c       0x9c /home/jiangkun/drone/ESL_V5/software_package/gcc-arm-none-eabi/bin/../lib/gcc/arm-none-eabi/5.4.1/../../../../arm-none-eabi/lib/armv6-m/libc_nano.a(lib_a-nano-vfprintf.o)
 .debug_frame   0x000009b8       0x54 /home/jiangkun/drone/ESL_V5/software_package/gcc-arm-none-eabi/bin/../lib/gcc/arm-none-eabi/5.4.1/../../../../arm-none-eabi/lib/armv6-m/libc_nano.a(lib_a-nano-vfprintf_i.o)
 .debug_frame   0x00000a0c       0x2c /home/jiangkun/drone/ESL_V5/software_package/gcc-arm-none-eabi/bin/../lib/gcc/arm-none-eabi/5.4.1/../../../../arm-none-eabi/lib/armv6-m/libc_nano.a(lib_a-sbrkr.o)
 .debug_frame   0x00000a38       0x90 /home/jiangkun/drone/ESL_V5/software_package/gcc-arm-none-eabi/bin/../lib/gcc/arm-none-eabi/5.4.1/../../../../arm-none-eabi/lib/armv6-m/libc_nano.a(lib_a-stdio.o)
 .debug_frame   0x00000ac8       0x48 /home/jiangkun/drone/ESL_V5/software_package/gcc-arm-none-eabi/bin/../lib/gcc/arm-none-eabi/5.4.1/../../../../arm-none-eabi/lib/armv6-m/libc_nano.a(lib_a-wbuf.o)
 .debug_frame   0x00000b10       0x2c /home/jiangkun/drone/ESL_V5/software_package/gcc-arm-none-eabi/bin/../lib/gcc/arm-none-eabi/5.4.1/../../../../arm-none-eabi/lib/armv6-m/libc_nano.a(lib_a-writer.o)
 .debug_frame   0x00000b3c       0x2c /home/jiangkun/drone/ESL_V5/software_package/gcc-arm-none-eabi/bin/../lib/gcc/arm-none-eabi/5.4.1/../../../../arm-none-eabi/lib/armv6-m/libc_nano.a(lib_a-wsetup.o)
 .debug_frame   0x00000b68       0x2c /home/jiangkun/drone/ESL_V5/software_package/gcc-arm-none-eabi/bin/../lib/gcc/arm-none-eabi/5.4.1/../../../../arm-none-eabi/lib/armv6-m/libc_nano.a(lib_a-closer.o)
 .debug_frame   0x00000b94       0x68 /home/jiangkun/drone/ESL_V5/software_package/gcc-arm-none-eabi/bin/../lib/gcc/arm-none-eabi/5.4.1/../../../../arm-none-eabi/lib/armv6-m/libc_nano.a(lib_a-fflush.o)
 .debug_frame   0x00000bfc       0x2c /home/jiangkun/drone/ESL_V5/software_package/gcc-arm-none-eabi/bin/../lib/gcc/arm-none-eabi/5.4.1/../../../../arm-none-eabi/lib/armv6-m/libc_nano.a(lib_a-lseekr.o)
 .debug_frame   0x00000c28       0x54 /home/jiangkun/drone/ESL_V5/software_package/gcc-arm-none-eabi/bin/../lib/gcc/arm-none-eabi/5.4.1/../../../../arm-none-eabi/lib/armv6-m/libc_nano.a(lib_a-makebuf.o)
 .debug_frame   0x00000c7c       0x20 /home/jiangkun/drone/ESL_V5/software_package/gcc-arm-none-eabi/bin/../lib/gcc/arm-none-eabi/5.4.1/../../../../arm-none-eabi/lib/armv6-m/libc_nano.a(lib_a-memchr-stub.o)
 .debug_frame   0x00000c9c       0x30 /home/jiangkun/drone/ESL_V5/software_package/gcc-arm-none-eabi/bin/../lib/gcc/arm-none-eabi/5.4.1/../../../../arm-none-eabi/lib/armv6-m/libc_nano.a(lib_a-mlock.o)
 .debug_frame   0x00000ccc       0x2c /home/jiangkun/drone/ESL_V5/software_package/gcc-arm-none-eabi/bin/../lib/gcc/arm-none-eabi/5.4.1/../../../../arm-none-eabi/lib/armv6-m/libc_nano.a(lib_a-nano-freer.o)
 .debug_frame   0x00000cf8       0x2c /home/jiangkun/drone/ESL_V5/software_package/gcc-arm-none-eabi/bin/../lib/gcc/arm-none-eabi/5.4.1/../../../../arm-none-eabi/lib/armv6-m/libc_nano.a(lib_a-readr.o)
 .debug_frame   0x00000d24       0x48 /home/jiangkun/drone/ESL_V5/software_package/gcc-arm-none-eabi/bin/../lib/gcc/arm-none-eabi/5.4.1/../../../../arm-none-eabi/lib/armv6-m/libc_nano.a(lib_a-reent.o)
 .debug_frame   0x00000d6c       0x2c /home/jiangkun/drone/ESL_V5/software_package/gcc-arm-none-eabi/bin/../lib/gcc/arm-none-eabi/5.4.1/../../../../arm-none-eabi/lib/armv6-m/libc_nano.a(lib_a-fstatr.o)
 .debug_frame   0x00000d98       0x2c /home/jiangkun/drone/ESL_V5/software_package/gcc-arm-none-eabi/bin/../lib/gcc/arm-none-eabi/5.4.1/../../../../arm-none-eabi/lib/armv6-m/libc_nano.a(lib_a-isattyr.o)
 .debug_frame   0x00000dc4       0x20 /home/jiangkun/drone/ESL_V5/software_package/gcc-arm-none-eabi/bin/../lib/gcc/arm-none-eabi/5.4.1/../../../../arm-none-eabi/lib/armv6-m/libnosys.a(close.o)
 .debug_frame   0x00000de4       0x20 /home/jiangkun/drone/ESL_V5/software_package/gcc-arm-none-eabi/bin/../lib/gcc/arm-none-eabi/5.4.1/../../../../arm-none-eabi/lib/armv6-m/libnosys.a(fstat.o)
 .debug_frame   0x00000e04       0x20 /home/jiangkun/drone/ESL_V5/software_package/gcc-arm-none-eabi/bin/../lib/gcc/arm-none-eabi/5.4.1/../../../../arm-none-eabi/lib/armv6-m/libnosys.a(isatty.o)
 .debug_frame   0x00000e24       0x20 /home/jiangkun/drone/ESL_V5/software_package/gcc-arm-none-eabi/bin/../lib/gcc/arm-none-eabi/5.4.1/../../../../arm-none-eabi/lib/armv6-m/libnosys.a(lseek.o)
 .debug_frame   0x00000e44       0x20 /home/jiangkun/drone/ESL_V5/software_package/gcc-arm-none-eabi/bin/../lib/gcc/arm-none-eabi/5.4.1/../../../../arm-none-eabi/lib/armv6-m/libnosys.a(read.o)
 .debug_frame   0x00000e64       0x20 /home/jiangkun/drone/ESL_V5/software_package/gcc-arm-none-eabi/bin/../lib/gcc/arm-none-eabi/5.4.1/../../../../arm-none-eabi/lib/armv6-m/libnosys.a(sbrk.o)

.stab           0x00000000       0x84
 .stab          0x00000000       0x24 /home/jiangkun/drone/ESL_V5/software_package/gcc-arm-none-eabi/bin/../lib/gcc/arm-none-eabi/5.4.1/../../../../arm-none-eabi/lib/armv6-m/libnosys.a(close.o)
 .stab          0x00000024       0x18 /home/jiangkun/drone/ESL_V5/software_package/gcc-arm-none-eabi/bin/../lib/gcc/arm-none-eabi/5.4.1/../../../../arm-none-eabi/lib/armv6-m/libnosys.a(fstat.o)
                                 0x24 (size before relaxing)
 .stab          0x0000003c       0x18 /home/jiangkun/drone/ESL_V5/software_package/gcc-arm-none-eabi/bin/../lib/gcc/arm-none-eabi/5.4.1/../../../../arm-none-eabi/lib/armv6-m/libnosys.a(isatty.o)
                                 0x24 (size before relaxing)
 .stab          0x00000054       0x18 /home/jiangkun/drone/ESL_V5/software_package/gcc-arm-none-eabi/bin/../lib/gcc/arm-none-eabi/5.4.1/../../../../arm-none-eabi/lib/armv6-m/libnosys.a(lseek.o)
                                 0x24 (size before relaxing)
 .stab          0x0000006c       0x18 /home/jiangkun/drone/ESL_V5/software_package/gcc-arm-none-eabi/bin/../lib/gcc/arm-none-eabi/5.4.1/../../../../arm-none-eabi/lib/armv6-m/libnosys.a(read.o)
                                 0x24 (size before relaxing)

.stabstr        0x00000000      0x117
 .stabstr       0x00000000      0x117 /home/jiangkun/drone/ESL_V5/software_package/gcc-arm-none-eabi/bin/../lib/gcc/arm-none-eabi/5.4.1/../../../../arm-none-eabi/lib/armv6-m/libnosys.a(close.o)
